Microchip MPLAB XC8 Compiler V2.20

Linker command line:

-W-3 --edf=C:\Program Files\Microchip\xc8\v2.20\pic\dat\en_msgs.txt -cn \
  -h+dist/default/production\Swift.X.production.sym \
  --cmf=dist/default/production\Swift.X.production.cmf -z -Q16F877A \
  -oC:\Users\mo\AppData\Local\Temp\sevk.2 --defsym=__MPLAB_BUILD=1 \
  -Mdist/default/production/Swift.X.production.map -E1 -ver=XC8 Compiler \
  --acfsm=1493 -ASTACK=0110h-016Fh -pstack=STACK -ACODE=00h-07FFhx4 \
  -ASTRCODE=00h-01FFFh -ASTRING=00h-0FFhx32 -ACONST=00h-0FFhx32 \
  -AENTRY=00h-0FFhx32 -ACOMMON=070h-07Fh -ABANK0=020h-06Fh \
  -ABANK1=0A0h-0EFh -ABANK2=0110h-016Fh -ABANK3=0190h-01EFh \
  -ARAM=020h-06Fh,0A0h-0EFh,0110h-016Fh,0190h-01EFh \
  -AABS1=020h-07Fh,0A0h-0EFh,0110h-016Fh,0190h-01EFh -ASFR0=00h-01Fh \
  -ASFR1=080h-09Fh -ASFR2=0100h-010Fh -ASFR3=0180h-018Fh \
  -ACONFIG=02007h-02007h -DCONFIG=2 -AIDLOC=02000h-02003h -DIDLOC=2 \
  -preset_vec=00h,intentry=04h,init,end_init -ppowerup=CODE -pcinit=CODE \
  -pfunctab=ENTRY -AEEDATA=00h-0FFh/02100h -peeprom_data=EEDATA -DEEDATA=2 \
  -DCODE=2 -DSTRCODE=2 -DSTRING=2 -DCONST=2 -DENTRY=2 -k \
  C:\Users\mo\AppData\Local\Temp\sevk.o \
  dist/default/production\Swift.X.production.o 

Object code version is 3.11

Machine type is 16F877A



                Name                               Link     Load   Length Selector   Space Scale
C:\Users\mo\AppData\Local\Temp\sevk.o
                end_init                             12       12        3        8       0
                reset_vec                             0        0        3        0       0
dist/default/production\Swift.X.production.o
                cinit                                15       15       47        8       0
                functab                              5C       5C       29       B8       0
                intentry                              4        4        E        8       0
                text46                              990      990        F     1320       0
                text45                              435      435       B2      10A       0
                text44                              A93      A93       33     1526       0
                text43                              CD0      CD0       4A     19A0       0
                text42                              928      928        B     1250       0
                text41                              A61      A61       32     14C2       0
                text40                              99F      99F        F     133E       0
                text39                              9AE      9AE       12     135C       0
                text38                              D69      D69       57     1AD2       0
                text37                              E74      E74       5D     1CE8       0
                text36                              691      691       7F      10A       0
                text35                              C50      C50       40     18A0       0
                text34                              A39      A39       28     1472       0
                text33                              B9B      B9B       3B     1736       0
                text32                              7F3      7F3        D      10A       0
                text31                              94A      94A        E     1294       0
                text30                              958      958        E     12B0       0
                text29                              966      966        E     12CC       0
                text28                              9D3      9D3       17     13A6       0
                text27                              93E      93E        C     127C       0
                text26                              9EA      9EA       17     13D4       0
                text25                              BD6      BD6       3D     17AC       0
                text24                              AC6      AC6       33     158C       0
                text23                              B2D      B2D       35     165A       0
                text22                              F97      F97       69     1F2E       0
                text21                              E19      E19       5B     1C32       0
                text20                              ED1      ED1       5E     1DA2       0
                text19                                3        3        1        0       0
                text18                              D1A      D1A       4F     1A34       0
                text17                              C13      C13       3D     1826       0
                text16                              A01      A01       17     1402       0
                text15                              2C5      2C5       BE      10A       0
                text14                              C90      C90       40     1920       0
                text13                              933      933        B     1266       0
                text12                              710      710       79      10A       0
                text11                              609      609       88      10A       0
                text10                              F2F      F2F       68     1E5E       0
                text9                               DC0      DC0       59     1B80       0
                text8                               789      789       6A      10A       0
                text7                                85       85      12A      10A       0
                text6                               57F      57F       8A      10A       0
                text5                               1AF      1AF      116      10A       0
                text4                               383      383       B2      10A       0
                text3                               B62      B62       39     16C4       0
                text2                               AF9      AF9       34     15F2       0
                text1                               4E7      4E7       98      10A       0
                maintext                            974      974        E     12E8       0
                cstackBANK0                          47       47       16       20       1
                cstackCOMMON                         70       70        E       70       1
                cstackBANK3                         1AE      1AE        4      190       1
                clrtext                             916      916        8     122C       0
                inittext                            9C0      9C0       13     1380       0
                dataBANK3                           1A4      1A4        A      190       1
                bssBANK3                            190      190       14      190       1
                dataBANK1                            CE       CE       21       A0       1
                bssBANK1                             A0       A0       2E       A0       1
                dataBANK0                            5D       5D        E       20       1
                bssBANK0                             20       20       27       20       1
                nvBANK0                              6B       6B        1       20       1
                strings                             800      800        8     1000       0
                idataBANK3                          91E      91E        A     123C       0
                idataBANK1                          A18      A18       21     1430       0
                idataBANK0                          982      982        E     1304       0

TOTAL           Name                               Link     Load   Length     Space
        CLASS   STACK          

        CLASS   CODE           
                end_init                             12       12        3         0
                cinit                                15       15       47         0
                intentry                              4        4        E         0
                reset_vec                             0        0        3         0
                text46                              990      990        F         0
                text45                              435      435       B2         0
                text44                              A93      A93       33         0
                text43                              CD0      CD0       4A         0
                text42                              928      928        B         0
                text41                              A61      A61       32         0
                text40                              99F      99F        F         0
                text39                              9AE      9AE       12         0
                text38                              D69      D69       57         0
                text37                              E74      E74       5D         0
                text36                              691      691       7F         0
                text35                              C50      C50       40         0
                text34                              A39      A39       28         0
                text33                              B9B      B9B       3B         0
                text32                              7F3      7F3        D         0
                text31                              94A      94A        E         0
                text30                              958      958        E         0
                text29                              966      966        E         0
                text28                              9D3      9D3       17         0
                text27                              93E      93E        C         0
                text26                              9EA      9EA       17         0
                text25                              BD6      BD6       3D         0
                text24                              AC6      AC6       33         0
                text23                              B2D      B2D       35         0
                text22                              F97      F97       69         0
                text21                              E19      E19       5B         0
                text20                              ED1      ED1       5E         0
                text19                                3        3        1         0
                text18                              D1A      D1A       4F         0
                text17                              C13      C13       3D         0
                text16                              A01      A01       17         0
                text15                              2C5      2C5       BE         0
                text14                              C90      C90       40         0
                text13                              933      933        B         0
                text12                              710      710       79         0
                text11                              609      609       88         0
                text10                              F2F      F2F       68         0
                text9                               DC0      DC0       59         0
                text8                               789      789       6A         0
                text7                                85       85      12A         0
                text6                               57F      57F       8A         0
                text5                               1AF      1AF      116         0
                text4                               383      383       B2         0
                text3                               B62      B62       39         0
                text2                               AF9      AF9       34         0
                text1                               4E7      4E7       98         0
                maintext                            974      974        E         0
                clrtext                             916      916        8         0
                inittext                            9C0      9C0       13         0
                idataBANK3                          91E      91E        A         0
                idataBANK1                          A18      A18       21         0
                idataBANK0                          982      982        E         0

        CLASS   STRCODE        

        CLASS   STRING         
                strings                             800      800        8         0

        CLASS   CONST          

        CLASS   ENTRY          
                functab                              5C       5C       29         0

        CLASS   COMMON         
                cstackCOMMON                         70       70        E         1

        CLASS   BANK0          
                cstackBANK0                          47       47       16         1
                dataBANK0                            5D       5D        E         1
                bssBANK0                             20       20       27         1
                nvBANK0                              6B       6B        1         1

        CLASS   BANK1          
                dataBANK1                            CE       CE       21         1
                bssBANK1                             A0       A0       2E         1

        CLASS   BANK2          

        CLASS   BANK3          
                cstackBANK3                         1AE      1AE        4         1
                dataBANK3                           1A4      1A4        A         1
                bssBANK3                            190      190       14         1

        CLASS   RAM            

        CLASS   ABS1           
                abs_s1                               7E       7E        2         1

        CLASS   SFR0           

        CLASS   SFR1           

        CLASS   SFR2           

        CLASS   SFR3           

        CLASS   CONFIG         

        CLASS   IDLOC          

        CLASS   EEDATA         



SEGMENTS        Name                           Load    Length   Top    Selector   Space  Class     Delta

                reset_vec                      000000  000004  000004         0       0  CODE        2
                intentry                       000004  000058  00005C         8       0  CODE        2
                bssBANK0                       000020  00004C  00006C        20       1  BANK0       1
                cstackCOMMON                   000070  00000E  00007E        70       1  COMMON      1
                bssBANK1                       0000A0  00004F  0000EF        A0       1  BANK1       1
                functab                        00005C  000029  000085        B8       0  ENTRY       2
                text7                          000085  00077B  000800       10A       0  CODE        2
                bssBANK3                       000190  000022  0001B2       190       1  BANK3       1
                strings                        000800  000008  000808      1000       0  STRING      2
                clrtext                        000916  000008  00091E      122C       0  CODE        2
                idataBANK3                     00091E  00000A  000928      123C       0  CODE        2
                text42                         000928  00000B  000933      1250       0  CODE        2
                text13                         000933  00000B  00093E      1266       0  CODE        2
                text27                         00093E  00000C  00094A      127C       0  CODE        2
                text31                         00094A  00000E  000958      1294       0  CODE        2
                text30                         000958  00000E  000966      12B0       0  CODE        2
                text29                         000966  00000E  000974      12CC       0  CODE        2
                maintext                       000974  00000E  000982      12E8       0  CODE        2
                idataBANK0                     000982  00000E  000990      1304       0  CODE        2
                text46                         000990  00000F  00099F      1320       0  CODE        2
                text40                         00099F  00000F  0009AE      133E       0  CODE        2
                text39                         0009AE  000012  0009C0      135C       0  CODE        2
                inittext                       0009C0  000013  0009D3      1380       0  CODE        2
                text28                         0009D3  000017  0009EA      13A6       0  CODE        2
                text26                         0009EA  000017  000A01      13D4       0  CODE        2
                text16                         000A01  000017  000A18      1402       0  CODE        2
                idataBANK1                     000A18  000021  000A39      1430       0  CODE        2
                text34                         000A39  000028  000A61      1472       0  CODE        2
                text41                         000A61  000032  000A93      14C2       0  CODE        2
                text44                         000A93  000033  000AC6      1526       0  CODE        2
                text24                         000AC6  000033  000AF9      158C       0  CODE        2
                text2                          000AF9  000034  000B2D      15F2       0  CODE        2
                text23                         000B2D  000035  000B62      165A       0  CODE        2
                text3                          000B62  000039  000B9B      16C4       0  CODE        2
                text33                         000B9B  00003B  000BD6      1736       0  CODE        2
                text25                         000BD6  00003D  000C13      17AC       0  CODE        2
                text17                         000C13  00003D  000C50      1826       0  CODE        2
                text35                         000C50  000040  000C90      18A0       0  CODE        2
                text14                         000C90  000040  000CD0      1920       0  CODE        2
                text43                         000CD0  00004A  000D1A      19A0       0  CODE        2
                text18                         000D1A  00004F  000D69      1A34       0  CODE        2
                text38                         000D69  000057  000DC0      1AD2       0  CODE        2
                text9                          000DC0  000059  000E19      1B80       0  CODE        2
                text21                         000E19  00005B  000E74      1C32       0  CODE        2
                text37                         000E74  00005D  000ED1      1CE8       0  CODE        2
                text20                         000ED1  00005E  000F2F      1DA2       0  CODE        2
                text10                         000F2F  000068  000F97      1E5E       0  CODE        2
                text22                         000F97  000069  001000      1F2E       0  CODE        2


UNUSED ADDRESS RANGES

        Name                Unused          Largest block    Delta
        BANK0            006C-006F              4           1
        BANK1            00EF-00EF              1           1
        BANK2            0110-016F             60           1
        BANK3            01B2-01EF             3E           1
        CODE             0808-0915            10E           2
                         1000-1FFF            800
        CONFIG           2007-2007              1           2
        CONST            0808-0915             F8           2
                         1000-1FFF            100
        EEDATA           2100-21FF            100           2
        ENTRY            0808-0915             F8           2
                         1000-1FFF            100
        IDLOC            2000-2003              4           2
        RAM              006C-006F              4           1
                         00EF-00EF              1
                         0110-016F             60
                         01B2-01EF             3E
        SFR0             0000-001F             20           1
        SFR1             0080-009F             20           1
        SFR2             0100-010F             10           1
        SFR3             0180-018F             10           1
        STACK            0110-016F             60           1
        STRCODE          0808-0915            10E           2
                         1000-1FFF           1000
        STRING           0808-0915             F8           2
                         1000-1FFF            100

                                  Symbol Table

?_ADC_READ                                  cstackBANK0  0055
?___awdiv                                   cstackBANK0  004B
?___awmod                                   cstackBANK0  004B
?___lldiv                                   cstackBANK0  004B
ADC_INIT@ADC_info                           cstackBANK0  0052
ADC_INIT@ret_error                          cstackBANK0  0051
DIO_Read@GPIO                               cstackBANK0  0050
DIO_Read@data                               cstackBANK0  004C
DIO_Read@pins                               cstackBANK0  004B
DIO_Read@ret_error                          cstackBANK0  004F
DIO_Write@GPIO                              cstackBANK0  0050
DIO_Write@first_powerup                     bssBANK0     0039
DIO_Write@pins                              cstackBANK0  004B
DIO_Write@ret_error                         cstackBANK0  004F
DIO_Write@value                             cstackBANK0  004C
DIO_init@DIO_info                           cstackBANK0  004E
DIO_init@first_powerup_init                 bssBANK0     003A
DIO_init@ret_error                          cstackBANK0  004D
EEPROM_Read@Data                            cstackBANK0  004E
EEPROM_Read@add                             cstackBANK0  004C
EEPROM_Write@add                            cstackBANK0  004C
EEPROM_Write@data                           cstackBANK0  004E
I2C_Master_Init@baud                        cstackBANK0  0059
I2C_Master_Write@data                       cstackBANK0  004B
SOS_Create_Task@Function_Consumer           cstackBANK0  0052
SOS_Create_Task@ret                         cstackBANK0  0053
SOS_Create_Task@u16_Time_delay              cstackBANK0  0050
SOS_Create_Task@u8_Preodicity               cstackBANK0  004E
SOS_Create_Task@u8_function_index           cstackBANK0  004F
SOS_Init@ConfigPtr                          cstackBANK0  0057
SOS_Init@ret                                cstackBANK0  0056
SOS_Init@u8_channel_ID                      cstackBANK0  0055
SwDelay_ms@counter_21                       cstackBANK0  0054
SwDelay_ms@counter_256                      cstackBANK0  0053
SwDelay_ms@n                                cstackBANK0  004B
SwDelay_us@n                                cstackBANK0  004B
Task1@u8_Counter                            bssBANK0     0031
Task1@u8_Counter1                           bssBANK0     0032
Task1@u8_Counter2                           bssBANK0     0030
Task2@EE_Data                               bssBANK0     002F
Task2@readings_counter                      bssBANK0     002E
Timer_Init@Timer_cfg                        cstackBANK0  0052
Timer_Init@ret_error                        cstackBANK0  0051
Timer_Start@Timer_CH_NO                     cstackBANK0  004F
Timer_Start@Timer_Count                     cstackBANK0  004B
Timer_Start@ret_error                       cstackBANK0  0050
_ACKDT                                      (abs)        048D
_ACKEN                                      (abs)        048C
_ACKSTAT                                    (abs)        048E
_ADC_Cnfiguration                           dataBANK1    00E6
_ADC_INIT                                   text11       0609
_ADC_INT                                    bssBANK0     0043
_ADC_READ                                   text33       0B9B
_Buffer_Array                               bssBANK1     00A0
_DIO_Read                                   text37       0E74
_DIO_Write                                  text4        0383
_DIO_init                                   text5        01AF
_Dio_configutation_A_7_seg                  dataBANK0    0067
_Dio_configutation_A_ADC                    dataBANK0    005F
_Dio_configutation_C                        dataBANK1    00EB
_Dio_configutation_D                        dataBANK0    0063
_EEPROM_Read                                text25       0BD6
_EEPROM_Write                               text24       0AC6
_I2C_Master_Init                            text9        0DC0
_I2C_Master_RepeatedStart                   text31       094A
_I2C_Master_Start                           text30       0958
_I2C_Master_Stop                            text29       0966
_I2C_Master_Wait                            text32       07F3
_I2C_Master_Write                           text28       09D3
_I2C_NACK                                   text27       093E
_I2C_Read_Byte                              text26       09EA
_PEN                                        (abs)        048A
_Prescaler0                                 dataBANK0    005E
_Prescaler1                                 bssBANK0     0034
_RCEN                                       (abs)        048B
_RSEN                                       (abs)        0489
_SEN                                        (abs)        0488
_SOS_Create_Task                            text8        0789
_SOS_Init                                   text6        057F
_SOS_Run                                    text15       02C5
_SSPADD                                     (abs)        0093
_SSPBUF                                     (abs)        0013
_SSPCON                                     (abs)        0014
_SSPCON2                                    (abs)        0091
_SSPIF                                      (abs)        0063
_SSPSTAT                                    (abs)        0094
_Segments_Code                              dataBANK3    01A4
_SwDelay_ms                                 text35       0C50
_SwDelay_us                                 text34       0A39
_TIMER0OVF_INT                              bssBANK0     003E
_TIMER1OVF_INT                              bssBANK0     003D
_TIMER2OVF_INT                              bssBANK0     003C
_TMU_Configuration                          strings      0806
_TRISC                                      (abs)        0087
_Task1                                      text18       0D1A
_Task2                                      text17       0C13
_Task3                                      text19       0003
_Timer_Configuration0                       dataBANK1    00DC
_Timer_Configuration1_7_seg                 dataBANK1    00E1
_Timer_Configuration2_SOS                   dataBANK1    00D7
_Timer_Deinit_Configuration0                bssBANK1     00C9
_Timer_Init                                 text7        0085
_Timer_Start                                text23       0B2D
__Habs1                                     abs1         0000
__Hbank0                                    bank0        0000
__Hbank1                                    bank1        0000
__Hbank2                                    bank2        0000
__Hbank3                                    bank3        0000
__HbssBANK0                                 bssBANK0     0000
__HbssBANK1                                 bssBANK1     0000
__HbssBANK3                                 bssBANK3     0000
__Hcinit                                    cinit        005C
__Hclrtext                                  clrtext      0000
__Hcode                                     code         0000
__Hcommon                                   common       0000
__HcstackBANK0                              cstackBANK0  0000
__HcstackBANK3                              cstackBANK3  0000
__HcstackCOMMON                             cstackCOMMON 0000
__HdataBANK0                                dataBANK0    0000
__HdataBANK1                                dataBANK1    0000
__HdataBANK3                                dataBANK3    0000
__Heeprom_data                              eeprom_data  0000
__Hend_init                                 end_init     0015
__Hfunctab                                  functab      0085
__HidataBANK0                               idataBANK0   0000
__HidataBANK1                               idataBANK1   0000
__HidataBANK3                               idataBANK3   0000
__Hinit                                     init         0012
__Hinittext                                 inittext     0000
__Hintentry                                 intentry     0012
__Hmaintext                                 maintext     0000
__HnvBANK0                                  nvBANK0      0000
__Hpowerup                                  powerup      0000
__Hram                                      ram          0000
__Hreset_vec                                reset_vec    0003
__Hsfr0                                     sfr0         0000
__Hsfr1                                     sfr1         0000
__Hsfr2                                     sfr2         0000
__Hsfr3                                     sfr3         0000
__Hspace_0                                  (abs)        1000
__Hspace_1                                  (abs)        01B2
__Hspace_2                                  (abs)        0000
__Hspace_3                                  (abs)        0000
__Hstack                                    stack        0000
__Hstrings                                  strings      0000
__Htext                                     text         0000
__Labs1                                     abs1         0000
__Lbank0                                    bank0        0000
__Lbank1                                    bank1        0000
__Lbank2                                    bank2        0000
__Lbank3                                    bank3        0000
__LbssBANK0                                 bssBANK0     0000
__LbssBANK1                                 bssBANK1     0000
__LbssBANK3                                 bssBANK3     0000
__Lcinit                                    cinit        0015
__Lclrtext                                  clrtext      0000
__Lcode                                     code         0000
__Lcommon                                   common       0000
__LcstackBANK0                              cstackBANK0  0000
__LcstackBANK3                              cstackBANK3  0000
__LcstackCOMMON                             cstackCOMMON 0000
__LdataBANK0                                dataBANK0    0000
__LdataBANK1                                dataBANK1    0000
__LdataBANK3                                dataBANK3    0000
__Leeprom_data                              eeprom_data  0000
__Lend_init                                 end_init     0012
__Lfunctab                                  functab      005C
__LidataBANK0                               idataBANK0   0000
__LidataBANK1                               idataBANK1   0000
__LidataBANK3                               idataBANK3   0000
__Linit                                     init         0012
__Linittext                                 inittext     0000
__Lintentry                                 intentry     0004
__Lmaintext                                 maintext     0000
__LnvBANK0                                  nvBANK0      0000
__Lpowerup                                  powerup      0000
__Lram                                      ram          0000
__Lreset_vec                                reset_vec    0000
__Lsfr0                                     sfr0         0000
__Lsfr1                                     sfr1         0000
__Lsfr2                                     sfr2         0000
__Lsfr3                                     sfr3         0000
__Lspace_0                                  (abs)        0000
__Lspace_1                                  (abs)        0000
__Lspace_2                                  (abs)        0000
__Lspace_3                                  (abs)        0000
__Lstack                                    stack        0000
__Lstrings                                  strings      0000
__Ltext                                     text         0000
__S0                                        (abs)        1000
__S1                                        (abs)        01B2
__S2                                        (abs)        0000
__S3                                        (abs)        0000
___awdiv                                    text22       0F97
___awdiv@counter                            cstackBANK0  004F
___awdiv@dividend                           cstackBANK0  004D
___awdiv@divisor                            cstackBANK0  004B
___awdiv@quotient                           cstackBANK0  0051
___awdiv@sign                               cstackBANK0  0050
___awmod                                    text21       0E19
___awmod@counter                            cstackBANK0  004F
___awmod@dividend                           cstackBANK0  004D
___awmod@divisor                            cstackBANK0  004B
___awmod@sign                               cstackBANK0  0050
___bmul                                     text16       0A01
___bmul@multiplicand                        cstackBANK0  004B
___bmul@multiplier                          cstackBANK0  004D
___bmul@product                             cstackBANK0  004C
___int_sp                                   stack        0000
___latbits                                  (abs)        0002
___lldiv                                    text10       0F2F
___lldiv@counter                            cstackBANK0  0058
___lldiv@dividend                           cstackBANK0  004F
___lldiv@divisor                            cstackBANK0  004B
___lldiv@quotient                           cstackBANK0  0054
___sp                                       stack        0000
___stackhi                                  (abs)        0000
___stacklo                                  (abs)        0000
__end_of_ADC_INIT                           text11       0691
__end_of_ADC_READ                           text33       0BD6
__end_of_DIO_Read                           text37       0ED1
__end_of_DIO_Write                          text4        0435
__end_of_DIO_init                           text5        02C5
__end_of_EEPROM_Read                        text25       0C13
__end_of_EEPROM_Write                       text24       0AF9
__end_of_I2C_Master_Init                    text9        0E19
__end_of_I2C_Master_RepeatedStart           text31       0958
__end_of_I2C_Master_Start                   text30       0966
__end_of_I2C_Master_Stop                    text29       0974
__end_of_I2C_Master_Wait                    text32       0800
__end_of_I2C_Master_Write                   text28       09EA
__end_of_I2C_NACK                           text27       094A
__end_of_I2C_Read_Byte                      text26       0A01
__end_of_SOS_Create_Task                    text8        07F3
__end_of_SOS_Init                           text6        0609
__end_of_SOS_Run                            text15       0383
__end_of_SwDelay_ms                         text35       0C90
__end_of_SwDelay_us                         text34       0A61
__end_of_TMU_Configuration                  strings      0808
__end_of_Task1                              text18       0D69
__end_of_Task2                              text17       0C50
__end_of_Task3                              text19       0004
__end_of_Timer_Init                         text7        01AF
__end_of_Timer_Start                        text23       0B62
__end_of___awdiv                            text22       1000
__end_of___awmod                            text21       0E74
__end_of___bmul                             text16       0A18
__end_of___lldiv                            text10       0F97
__end_of__fptable                           functab      0070
__end_of__i1fptable                         functab      0085
__end_of__initialization                    cinit        0058
__end_of__stringtab                         strings      0806
__end_of_adc_interrupt_routine              text46       099F
__end_of_checkmyisr                         text38       0DC0
__end_of_global_int_enable                  text13       093E
__end_of_main                               maintext     0982
__end_of_pushButtonGetStatus                text36       0710
__end_of_sevenSegDisable                    text3        0B9B
__end_of_sevenSegEnable                     text43       0D1A
__end_of_sevenSegInit                       text2        0B2D
__end_of_sevenSegWrite                      text20       0F2F
__end_of_seven_seg_POV                      text41       0A93
__end_of_special_int_disable                text14       0CD0
__end_of_special_int_enable                 text12       0789
__end_of_system_init                        text1        057F
__end_of_timer0_interrupt_ovfRoutine        text40       09AE
__end_of_timer1_interrupt_ovfRoutine        text39       09C0
__end_of_timer_interrupt                    text42       0933
__end_ofi1_DIO_Write                        text45       04E7
__end_ofi1_sevenSegDisable                  text44       0AC6
__fptable                                   functab      005C
__i1fptable                                 functab      0070
__initialization                            cinit        0015
__pbssBANK0                                 bssBANK0     0020
__pbssBANK1                                 bssBANK1     00A0
__pbssBANK3                                 bssBANK3     0190
__pcstackBANK0                              cstackBANK0  0047
__pcstackBANK3                              cstackBANK3  01AE
__pcstackCOMMON                             cstackCOMMON 0070
__pdataBANK0                                dataBANK0    005D
__pdataBANK1                                dataBANK1    00CE
__pdataBANK3                                dataBANK3    01A4
__pfunctab                                  functab      005C
__pidataBANK0                               idataBANK0   0982
__pidataBANK1                               idataBANK1   0A18
__pidataBANK3                               idataBANK3   091E
__pintentry                                 intentry     0004
__pmaintext                                 maintext     0974
__pnvBANK0                                  nvBANK0      006B
__pstrings                                  strings      0800
__ptext1                                    text1        04E7
__ptext10                                   text10       0F2F
__ptext11                                   text11       0609
__ptext12                                   text12       0710
__ptext13                                   text13       0933
__ptext14                                   text14       0C90
__ptext15                                   text15       02C5
__ptext16                                   text16       0A01
__ptext17                                   text17       0C13
__ptext18                                   text18       0D1A
__ptext19                                   text19       0003
__ptext2                                    text2        0AF9
__ptext20                                   text20       0ED1
__ptext21                                   text21       0E19
__ptext22                                   text22       0F97
__ptext23                                   text23       0B2D
__ptext24                                   text24       0AC6
__ptext25                                   text25       0BD6
__ptext26                                   text26       09EA
__ptext27                                   text27       093E
__ptext28                                   text28       09D3
__ptext29                                   text29       0966
__ptext3                                    text3        0B62
__ptext30                                   text30       0958
__ptext31                                   text31       094A
__ptext32                                   text32       07F3
__ptext33                                   text33       0B9B
__ptext34                                   text34       0A39
__ptext35                                   text35       0C50
__ptext36                                   text36       0691
__ptext37                                   text37       0E74
__ptext38                                   text38       0D69
__ptext39                                   text39       09AE
__ptext4                                    text4        0383
__ptext40                                   text40       099F
__ptext41                                   text41       0A61
__ptext42                                   text42       0928
__ptext43                                   text43       0CD0
__ptext44                                   text44       0A93
__ptext45                                   text45       0435
__ptext46                                   text46       0990
__ptext5                                    text5        01AF
__ptext6                                    text6        057F
__ptext7                                    text7        0085
__ptext8                                    text8        0789
__ptext9                                    text9        0DC0
__size_of_ADC_INIT                          (abs)        0000
__size_of_ADC_READ                          (abs)        0000
__size_of_DIO_Read                          (abs)        0000
__size_of_DIO_Write                         (abs)        0000
__size_of_DIO_init                          (abs)        0000
__size_of_EEPROM_Read                       (abs)        0000
__size_of_EEPROM_Write                      (abs)        0000
__size_of_I2C_Master_Init                   (abs)        0000
__size_of_I2C_Master_RepeatedStart          (abs)        0000
__size_of_I2C_Master_Start                  (abs)        0000
__size_of_I2C_Master_Stop                   (abs)        0000
__size_of_I2C_Master_Wait                   (abs)        0000
__size_of_I2C_Master_Write                  (abs)        0000
__size_of_I2C_NACK                          (abs)        0000
__size_of_I2C_Read_Byte                     (abs)        0000
__size_of_SOS_Create_Task                   (abs)        0000
__size_of_SOS_Init                          (abs)        0000
__size_of_SOS_Run                           (abs)        0000
__size_of_SwDelay_ms                        (abs)        0000
__size_of_SwDelay_us                        (abs)        0000
__size_of_Task1                             (abs)        0000
__size_of_Task2                             (abs)        0000
__size_of_Task3                             (abs)        0000
__size_of_Timer_Init                        (abs)        0000
__size_of_Timer_Start                       (abs)        0000
__size_of___awdiv                           (abs)        0000
__size_of___awmod                           (abs)        0000
__size_of___bmul                            (abs)        0000
__size_of___lldiv                           (abs)        0000
__size_of__fptable                          (abs)        0000
__size_of__i1fptable                        (abs)        0000
__size_of_adc_interrupt_routine             (abs)        0000
__size_of_checkmyisr                        (abs)        0000
__size_of_global_int_enable                 (abs)        0000
__size_of_main                              (abs)        0000
__size_of_pushButtonGetStatus               (abs)        0000
__size_of_sevenSegDisable                   (abs)        0000
__size_of_sevenSegEnable                    (abs)        0000
__size_of_sevenSegInit                      (abs)        0000
__size_of_sevenSegWrite                     (abs)        0000
__size_of_seven_seg_POV                     (abs)        0000
__size_of_special_int_disable               (abs)        0000
__size_of_special_int_enable                (abs)        0000
__size_of_system_init                       (abs)        0000
__size_of_timer0_interrupt_ovfRoutine       (abs)        0000
__size_of_timer1_interrupt_ovfRoutine       (abs)        0000
__size_of_timer_interrupt                   (abs)        0000
__size_ofi1_DIO_Write                       (abs)        0000
__size_ofi1_sevenSegDisable                 (abs)        0000
__stringbase                                strings      0805
__stringtab                                 strings      0800
_adc_interrupt_routine                      text46       0990
_arr_display                                bssBANK0     002A
_checkmyisr                                 text38       0D69
_disp_counter                               bssBANK0     0041
_global_int_enable                          text13       0933
_is_init                                    bssBANK0     003B
_last_Ten_readings                          bssBANK3     0190
_last_temp_reading                          bssBANK0     0028
_main                                       maintext     0974
_ovf_counter                                bssBANK0     0042
_pushButtonGetStatus                        text36       0691
_ret                                        nvBANK0      006B
_sevenSegDisable                            text3        0B62
_sevenSegEnable                             text43       0CD0
_sevenSegInit                               text2        0AF9
_sevenSegWrite                              text20       0ED1
_seven_seg_POV                              text41       0A61
_special_int_disable                        text14       0C90
_special_int_enable                         text12       0710
_system_init                                text1        04E7
_timer0_interrupt_ovfRoutine                text40       099F
_timer1_interrupt_ovfRoutine                text39       09AE
_timer_interrupt                            text42       0928
_u16_result_data                            bssBANK0     002C
_u8Excution_to_be_done                      bssBANK0     0035
_u8_FUN_index                               bssBANK0     0036
_u8_Is_Intialized                           bssBANK0     0037
_u8_timer2Count                             bssBANK0     0033
_u8global_int_enabled                       bssBANK0     0040
_u8prepheral_int_enabled                    bssBANK0     003F
btemp                                       (abs)        007E
clear_ram0                                  clrtext      0916
end_of_initialization                       cinit        0058
fpbase                                      functab      0061
fptable                                     functab      005C
fptotal                                     (abs)        0006
i1DIO_Write@GPIO                            cstackCOMMON 0075
i1DIO_Write@pins                            cstackCOMMON 0070
i1DIO_Write@ret_error                       cstackCOMMON 0074
i1DIO_Write@value                           cstackCOMMON 0071
i1_DIO_Write                                text45       0435
i1_sevenSegDisable                          text44       0A93
i1fpbase                                    functab      0075
i1fptable                                   functab      0070
i1fptotal                                   (abs)        000B
i1sevenSegDisable@en_segment_id             cstackCOMMON 0078
i1sevenSegDisable@ret                       cstackCOMMON 0079
init_fetch0                                 inittext     09C0
init_ram0                                   inittext     09C4
interrupt_function                          intentry     0004
intlevel0                                   functab      005C
intlevel1                                   functab      005C
intlevel2                                   functab      005C
intlevel3                                   functab      005C
intlevel4                                   functab      005C
intlevel5                                   functab      005C
pushButtonGetStatus@en_butotn_id            cstackBANK0  0053
pushButtonGetStatus@pushreturn              cstackBANK0  0054
pushButtonGetStatus@u8_Button_press         bssBANK0     0044
pushButtonGetStatus@u8_S_button_status      bssBANK0     0023
reset_vec                                   reset_vec    0000
saved_w                                     (abs)        007E
sevenSegDisable@en_segment_id               cstackBANK0  0053
sevenSegDisable@ret                         cstackBANK0  0054
sevenSegEnable@ret                          cstackCOMMON 007D
sevenSegEnable@segment_id                   cstackCOMMON 007C
sevenSegInit@ret                            cstackBANK0  0055
sevenSegWrite@ret                           cstackBANK0  0055
sevenSegWrite@u8_number                     cstackBANK0  0056
special_int_disable@ret_error               cstackBANK0  004E
special_int_disable@u8_interrupt_prepherals cstackBANK0  004D
special_int_enable@ret_error                cstackBANK0  004E
special_int_enable@u8_interrupt_prepherals  cstackBANK0  004D
start                                       init         0012
start_initialization                        cinit        0015
wtemp0                                      (abs)        007E


FUNCTION INFORMATION:

 *************** function _main *****************
 Defined at:
		line 24 in file "main.c"
 Parameters:    Size  Location     Type
		None
 Auto vars:     Size  Location     Type
		None
 Return value:  Size  Location     Type
                  1    wreg      void 
 Registers used:
		wreg, fsr0l, fsr0h, status,2, status,0, btemp+1, pclath, cstack
 Tracked objects:
		On entry : 
		On exit  : 
		Unchanged: 
 Data sizes:     COMMON   BANK0   BANK1   BANK3   BANK2
      Params:         0       0       0       0       0
      Locals:         0       0       0       0       0
      Temps:          0       0       0       0       0
      Totals:         0       0       0       0       0
Total ram usage:        0 bytes
 Hardware stack levels required when called:   10
 This function calls:
		_SOS_Run
		_system_init
 This function is called by:
		Startup code after reset
 This function uses a non-reentrant model


 *************** function _system_init *****************
 Defined at:
		line 10 in file "main.c"
 Parameters:    Size  Location     Type
		None
 Auto vars:     Size  Location     Type
		None
 Return value:  Size  Location     Type
                  1    wreg      void 
 Registers used:
		wreg, fsr0l, fsr0h, status,2, status,0, btemp+1, pclath, cstack
 Tracked objects:
		On entry : 
		On exit  : 
		Unchanged: 
 Data sizes:     COMMON   BANK0   BANK1   BANK3   BANK2
      Params:         0       0       0       0       0
      Locals:         0       0       0       0       0
      Temps:          0       0       0       0       0
      Totals:         0       0       0       0       0
Total ram usage:        0 bytes
 Hardware stack levels used:    1
 Hardware stack levels required when called:    9
 This function calls:
		_ADC_INIT
		_DIO_init
		_I2C_Master_Init
		_SOS_Create_Task
		_SOS_Init
		_Timer_Init
		_Timer_Start
		_sevenSegInit
 This function is called by:
		_main
 This function uses a non-reentrant model


 *************** function _sevenSegInit *****************
 Defined at:
		line 10 in file "seven_segment.c"
 Parameters:    Size  Location     Type
		None
 Auto vars:     Size  Location     Type
  ret             1   14[BANK0 ] unsigned char 
 Return value:  Size  Location     Type
                  1    wreg      unsigned char 
 Registers used:
		wreg, fsr0l, fsr0h, status,2, status,0, btemp+1, pclath, cstack
 Tracked objects:
		On entry : 
		On exit  : 
		Unchanged: 
 Data sizes:     COMMON   BANK0   BANK1   BANK3   BANK2
      Params:         0       0       0       0       0
      Locals:         0       1       0       0       0
      Temps:          0       0       0       0       0
      Totals:         0       1       0       0       0
Total ram usage:        1 bytes
 Hardware stack levels used:    1
 Hardware stack levels required when called:    8
 This function calls:
		_DIO_init
		_Timer_Init
		_sevenSegDisable
 This function is called by:
		_system_init
 This function uses a non-reentrant model


 *************** function _sevenSegDisable *****************
 Defined at:
		line 67 in file "seven_segment.c"
 Parameters:    Size  Location     Type
  en_segment_i    1    wreg     enum E96
 Auto vars:     Size  Location     Type
  en_segment_i    1   12[BANK0 ] enum E96
  ret             1   13[BANK0 ] unsigned char 
 Return value:  Size  Location     Type
                  1    wreg      unsigned char 
 Registers used:
		wreg, fsr0l, fsr0h, status,2, status,0, btemp+1, pclath, cstack
 Tracked objects:
		On entry : 
		On exit  : 
		Unchanged: 
 Data sizes:     COMMON   BANK0   BANK1   BANK3   BANK2
      Params:         0       0       0       0       0
      Locals:         0       2       0       0       0
      Temps:          0       2       0       0       0
      Totals:         0       4       0       0       0
Total ram usage:        4 bytes
 Hardware stack levels used:    1
 Hardware stack levels required when called:    6
 This function calls:
		_DIO_Write
 This function is called by:
		_sevenSegInit
 This function uses a non-reentrant model


 *************** function _DIO_Write *****************
 Defined at:
		line 132 in file "DIO.c"
 Parameters:    Size  Location     Type
  GPIO            1    wreg     unsigned char 
  pins            1    4[BANK0 ] unsigned char 
  value           1    5[BANK0 ] unsigned char 
 Auto vars:     Size  Location     Type
  GPIO            1    9[BANK0 ] unsigned char 
  ret_error       1    8[BANK0 ] unsigned char 
 Return value:  Size  Location     Type
                  1    wreg      unsigned char 
 Registers used:
		wreg, fsr0l, fsr0h, status,2, status,0, btemp+1
 Tracked objects:
		On entry : 
		On exit  : 
		Unchanged: 
 Data sizes:     COMMON   BANK0   BANK1   BANK3   BANK2
      Params:         0       2       0       0       0
      Locals:         0       2       0       0       0
      Temps:          0       2       0       0       0
      Totals:         0       6       0       0       0
Total ram usage:        6 bytes
 Hardware stack levels used:    1
 Hardware stack levels required when called:    5
 This function calls:
		Nothing
 This function is called by:
		_sevenSegDisable
 This function uses a non-reentrant model


 *************** function _DIO_init *****************
 Defined at:
		line 11 in file "DIO.c"
 Parameters:    Size  Location     Type
  DIO_info        1    wreg     PTR struct DIO_Cfg_s
		 -> Dio_configutation_C(4), Dio_configutation_A_ADC(4), Dio_configutation_D(4), Dio_configutation_A_7_seg(4), 
 Auto vars:     Size  Location     Type
  DIO_info        1    7[BANK0 ] PTR struct DIO_Cfg_s
		 -> Dio_configutation_C(4), Dio_configutation_A_ADC(4), Dio_configutation_D(4), Dio_configutation_A_7_seg(4), 
  ret_error       1    6[BANK0 ] unsigned char 
 Return value:  Size  Location     Type
                  1    wreg      unsigned char 
 Registers used:
		wreg, fsr0l, fsr0h, status,2, status,0, btemp+1
 Tracked objects:
		On entry : 
		On exit  : 
		Unchanged: 
 Data sizes:     COMMON   BANK0   BANK1   BANK3   BANK2
      Params:         0       0       0       0       0
      Locals:         0       2       0       0       0
      Temps:          0       2       0       0       0
      Totals:         0       4       0       0       0
Total ram usage:        4 bytes
 Hardware stack levels used:    1
 Hardware stack levels required when called:    5
 This function calls:
		Nothing
 This function is called by:
		_sevenSegInit
		_system_init
		_Temp_sensor_init
 This function uses a non-reentrant model


 *************** function _SOS_Init *****************
 Defined at:
		line 24 in file "SOS.c"
 Parameters:    Size  Location     Type
  ConfigPtr       1    wreg     PTR const struct TMU_Con
		 -> TMU_Configuration(2), 
 Auto vars:     Size  Location     Type
  ConfigPtr       1   16[BANK0 ] PTR const struct TMU_Con
		 -> TMU_Configuration(2), 
  ret             1   15[BANK0 ] unsigned char 
  u8_channel_I    1   14[BANK0 ] unsigned char 
 Return value:  Size  Location     Type
                  1    wreg      unsigned char 
 Registers used:
		wreg, fsr0l, fsr0h, status,2, status,0, btemp+1, pclath, cstack
 Tracked objects:
		On entry : 
		On exit  : 
		Unchanged: 
 Data sizes:     COMMON   BANK0   BANK1   BANK3   BANK2
      Params:         0       0       0       0       0
      Locals:         0       3       0       0       0
      Temps:          0       2       0       0       0
      Totals:         0       5       0       0       0
Total ram usage:        5 bytes
 Hardware stack levels used:    1
 Hardware stack levels required when called:    8
 This function calls:
		_Timer_Init
		_Timer_Start
 This function is called by:
		_system_init
 This function uses a non-reentrant model


 *************** function _Timer_Init *****************
 Defined at:
		line 19 in file "Timer.c"
 Parameters:    Size  Location     Type
  Timer_cfg       1    wreg     PTR struct Timer_cfg_s
		 -> Timer_Deinit_Configuration0(5), Timer_Configuration2_SOS(5), Timer_Configuration0(5), Timer_Configuration1_7_seg(5), 
 Auto vars:     Size  Location     Type
  Timer_cfg       1   11[BANK0 ] PTR struct Timer_cfg_s
		 -> Timer_Deinit_Configuration0(5), Timer_Configuration2_SOS(5), Timer_Configuration0(5), Timer_Configuration1_7_seg(5), 
  ret_error       1   10[BANK0 ] unsigned char 
 Return value:  Size  Location     Type
                  1    wreg      unsigned char 
 Registers used:
		wreg, fsr0l, fsr0h, status,2, status,0, btemp+1, pclath, cstack
 Tracked objects:
		On entry : 
		On exit  : 
		Unchanged: 
 Data sizes:     COMMON   BANK0   BANK1   BANK3   BANK2
      Params:         0       0       0       0       0
      Locals:         0       2       0       0       0
      Temps:          0       2       0       0       0
      Totals:         0       4       0       0       0
Total ram usage:        4 bytes
 Hardware stack levels used:    1
 Hardware stack levels required when called:    7
 This function calls:
		_special_int_disable
		_special_int_enable
 This function is called by:
		_sevenSegInit
		_SOS_Init
		_system_init
		_TMU_DeInit
 This function uses a non-reentrant model


 *************** function _SOS_Create_Task *****************
 Defined at:
		line 112 in file "SOS.c"
 Parameters:    Size  Location     Type
  Function_Con    1    wreg     PTR FTN()void 
		 -> Task3(1), Task2(1), Task1(1), 
  u8_Preodicit    1    7[BANK0 ] unsigned char 
  u8_function_    1    8[BANK0 ] unsigned char 
  u16_Time_del    2    9[BANK0 ] unsigned int 
 Auto vars:     Size  Location     Type
  Function_Con    1   11[BANK0 ] PTR FTN()void 
		 -> Task3(1), Task2(1), Task1(1), 
  ret             1   12[BANK0 ] unsigned char 
 Return value:  Size  Location     Type
                  1    wreg      unsigned char 
 Registers used:
		wreg, fsr0l, fsr0h, status,2, status,0, btemp+1, pclath, cstack
 Tracked objects:
		On entry : 
		On exit  : 
		Unchanged: 
 Data sizes:     COMMON   BANK0   BANK1   BANK3   BANK2
      Params:         0       4       0       0       0
      Locals:         0       2       0       0       0
      Temps:          0       0       0       0       0
      Totals:         0       6       0       0       0
Total ram usage:        6 bytes
 Hardware stack levels used:    1
 Hardware stack levels required when called:    6
 This function calls:
		___bmul
 This function is called by:
		_system_init
 This function uses a non-reentrant model


 *************** function _I2C_Master_Init *****************
 Defined at:
		line 8 in file "i2c_EEPROM.c"
 Parameters:    Size  Location     Type
  baud            4   18[BANK0 ] const unsigned long 
 Auto vars:     Size  Location     Type
		None
 Return value:  Size  Location     Type
                  1    wreg      void 
 Registers used:
		wreg, status,2, status,0, btemp+1, pclath, cstack
 Tracked objects:
		On entry : 
		On exit  : 
		Unchanged: 
 Data sizes:     COMMON   BANK0   BANK1   BANK3   BANK2
      Params:         0       4       0       0       0
      Locals:         0       0       0       0       0
      Temps:          0       0       0       4       0
      Totals:         0       4       0       4       0
Total ram usage:        8 bytes
 Hardware stack levels used:    1
 Hardware stack levels required when called:    6
 This function calls:
		___lldiv
 This function is called by:
		_system_init
		_nvm_Write
 This function uses a non-reentrant model


 *************** function ___lldiv *****************
 Defined at:
		line 5 in file "C:\Program Files\Microchip\xc8\v2.20\pic\sources\c90\common\__lldiv.c"
 Parameters:    Size  Location     Type
  divisor         4    4[BANK0 ] unsigned long 
  dividend        4    8[BANK0 ] unsigned long 
 Auto vars:     Size  Location     Type
  quotient        4   13[BANK0 ] unsigned long 
  counter         1   17[BANK0 ] unsigned char 
 Return value:  Size  Location     Type
                  4    4[BANK0 ] unsigned long 
 Registers used:
		wreg, status,2, status,0, btemp+1
 Tracked objects:
		On entry : 
		On exit  : 
		Unchanged: 
 Data sizes:     COMMON   BANK0   BANK1   BANK3   BANK2
      Params:         0       8       0       0       0
      Locals:         0       5       0       0       0
      Temps:          0       1       0       0       0
      Totals:         0      14       0       0       0
Total ram usage:       14 bytes
 Hardware stack levels used:    1
 Hardware stack levels required when called:    5
 This function calls:
		Nothing
 This function is called by:
		_I2C_Master_Init
 This function uses a non-reentrant model


 *************** function _ADC_INIT *****************
 Defined at:
		line 4 in file "ADC.c"
 Parameters:    Size  Location     Type
  ADC_info        1    wreg     PTR struct ADC_Cfg_s
		 -> ADC_Cnfiguration(5), 
 Auto vars:     Size  Location     Type
  ADC_info        1   11[BANK0 ] PTR struct ADC_Cfg_s
		 -> ADC_Cnfiguration(5), 
  ret_error       1   10[BANK0 ] unsigned char 
 Return value:  Size  Location     Type
                  1    wreg      unsigned char 
 Registers used:
		wreg, fsr0l, fsr0h, status,2, status,0, btemp+1, pclath, cstack
 Tracked objects:
		On entry : 
		On exit  : 
		Unchanged: 
 Data sizes:     COMMON   BANK0   BANK1   BANK3   BANK2
      Params:         0       0       0       0       0
      Locals:         0       2       0       0       0
      Temps:          0       2       0       0       0
      Totals:         0       4       0       0       0
Total ram usage:        4 bytes
 Hardware stack levels used:    1
 Hardware stack levels required when called:    7
 This function calls:
		_special_int_disable
		_special_int_enable
 This function is called by:
		_system_init
		_Temp_sensor_init
 This function uses a non-reentrant model


 *************** function _special_int_enable *****************
 Defined at:
		line 35 in file "interrupts.c"
 Parameters:    Size  Location     Type
  u8_interrupt    1    wreg     unsigned char 
 Auto vars:     Size  Location     Type
  u8_interrupt    1    6[BANK0 ] unsigned char 
  ret_error       1    7[BANK0 ] unsigned char 
 Return value:  Size  Location     Type
                  1    wreg      unsigned char 
 Registers used:
		wreg, fsr0l, fsr0h, status,2, status,0, btemp+1, pclath, cstack
 Tracked objects:
		On entry : 
		On exit  : 
		Unchanged: 
 Data sizes:     COMMON   BANK0   BANK1   BANK3   BANK2
      Params:         0       0       0       0       0
      Locals:         0       2       0       0       0
      Temps:          0       2       0       0       0
      Totals:         0       4       0       0       0
Total ram usage:        4 bytes
 Hardware stack levels used:    1
 Hardware stack levels required when called:    6
 This function calls:
		_global_int_enable
 This function is called by:
		_ADC_INIT
		_Timer_Init
 This function uses a non-reentrant model


 *************** function _global_int_enable *****************
 Defined at:
		line 169 in file "interrupts.c"
 Parameters:    Size  Location     Type
		None
 Auto vars:     Size  Location     Type
		None
 Return value:  Size  Location     Type
                  1    wreg      void 
 Registers used:
		wreg, status,2, status,0
 Tracked objects:
		On entry : 
		On exit  : 
		Unchanged: 
 Data sizes:     COMMON   BANK0   BANK1   BANK3   BANK2
      Params:         0       0       0       0       0
      Locals:         0       0       0       0       0
      Temps:          0       0       0       0       0
      Totals:         0       0       0       0       0
Total ram usage:        0 bytes
 Hardware stack levels used:    1
 Hardware stack levels required when called:    5
 This function calls:
		Nothing
 This function is called by:
		_special_int_enable
 This function uses a non-reentrant model


 *************** function _special_int_disable *****************
 Defined at:
		line 89 in file "interrupts.c"
 Parameters:    Size  Location     Type
  u8_interrupt    1    wreg     unsigned char 
 Auto vars:     Size  Location     Type
  u8_interrupt    1    6[BANK0 ] unsigned char 
  ret_error       1    7[BANK0 ] unsigned char 
 Return value:  Size  Location     Type
                  1    wreg      unsigned char 
 Registers used:
		wreg, fsr0l, fsr0h, status,2, status,0, btemp+1
 Tracked objects:
		On entry : 
		On exit  : 
		Unchanged: 
 Data sizes:     COMMON   BANK0   BANK1   BANK3   BANK2
      Params:         0       0       0       0       0
      Locals:         0       2       0       0       0
      Temps:          0       2       0       0       0
      Totals:         0       4       0       0       0
Total ram usage:        4 bytes
 Hardware stack levels used:    1
 Hardware stack levels required when called:    5
 This function calls:
		Nothing
 This function is called by:
		_ADC_INIT
		_Timer_Init
 This function uses a non-reentrant model


 *************** function _SOS_Run *****************
 Defined at:
		line 138 in file "SOS.c"
 Parameters:    Size  Location     Type
		None
 Auto vars:     Size  Location     Type
  ret             1    0        unsigned char 
 Return value:  Size  Location     Type
                  1    wreg      unsigned char 
 Registers used:
		wreg, fsr0l, fsr0h, status,2, status,0, btemp+1, pclath, cstack
 Tracked objects:
		On entry : 
		On exit  : 
		Unchanged: 
 Data sizes:     COMMON   BANK0   BANK1   BANK3   BANK2
      Params:         0       0       0       0       0
      Locals:         0       1       0       0       0
      Temps:          0       0       0       4       0
      Totals:         0       1       0       4       0
Total ram usage:        5 bytes
 Hardware stack levels used:    1
 Hardware stack levels required when called:    9
 This function calls:
		_Task1
		_Task2
		_Task3
		___bmul
 This function is called by:
		_main
 This function uses a non-reentrant model


 *************** function ___bmul *****************
 Defined at:
		line 4 in file "C:\Program Files\Microchip\xc8\v2.20\pic\sources\c90\common\Umul8.c"
 Parameters:    Size  Location     Type
  multiplier      1    wreg     unsigned char 
  multiplicand    1    4[BANK0 ] unsigned char 
 Auto vars:     Size  Location     Type
  multiplier      1    6[BANK0 ] unsigned char 
  product         1    5[BANK0 ] unsigned char 
 Return value:  Size  Location     Type
                  1    wreg      unsigned char 
 Registers used:
		wreg, status,2, status,0, btemp+1
 Tracked objects:
		On entry : 
		On exit  : 
		Unchanged: 
 Data sizes:     COMMON   BANK0   BANK1   BANK3   BANK2
      Params:         0       1       0       0       0
      Locals:         0       2       0       0       0
      Temps:          0       0       0       0       0
      Totals:         0       3       0       0       0
Total ram usage:        3 bytes
 Hardware stack levels used:    1
 Hardware stack levels required when called:    5
 This function calls:
		Nothing
 This function is called by:
		_SOS_Create_Task
		_SOS_Run
		_TMU_Stop_Timer
 This function uses a non-reentrant model


 *************** function _Task2 *****************
 Defined at:
		line 46 in file "tasks1.c"
 Parameters:    Size  Location     Type
		None
 Auto vars:     Size  Location     Type
  ret             1    0        unsigned char 
 Return value:  Size  Location     Type
                  1    wreg      void 
 Registers used:
		wreg, fsr0l, fsr0h, status,2, status,0, btemp+1, pclath, cstack
 Tracked objects:
		On entry : 
		On exit  : 
		Unchanged: 
 Data sizes:     COMMON   BANK0   BANK1   BANK3   BANK2
      Params:         0       0       0       0       0
      Locals:         0       1       0       0       0
      Temps:          0       2       0       0       0
      Totals:         0       3       0       0       0
Total ram usage:        3 bytes
 Hardware stack levels used:    1
 Hardware stack levels required when called:    8
 This function calls:
		_ADC_READ
		_EEPROM_Read
		_EEPROM_Write
		_sevenSegWrite
 This function is called by:
		_system_init
		_SOS_Run
 This function uses a non-reentrant model


 *************** function _Task1 *****************
 Defined at:
		line 6 in file "tasks1.c"
 Parameters:    Size  Location     Type
		None
 Auto vars:     Size  Location     Type
		None
 Return value:  Size  Location     Type
                  1    wreg      void 
 Registers used:
		wreg, fsr0l, fsr0h, status,2, status,0, btemp+1, pclath, cstack
 Tracked objects:
		On entry : 
		On exit  : 
		Unchanged: 
 Data sizes:     COMMON   BANK0   BANK1   BANK3   BANK2
      Params:         0       0       0       0       0
      Locals:         0       0       0       0       0
      Temps:          0       0       0       0       0
      Totals:         0       0       0       0       0
Total ram usage:        0 bytes
 Hardware stack levels used:    1
 Hardware stack levels required when called:    7
 This function calls:
		_pushButtonGetStatus
 This function is called by:
		_system_init
		_SOS_Run
 This function uses a non-reentrant model


 *************** function _Task3 *****************
 Defined at:
		line 66 in file "tasks1.c"
 Parameters:    Size  Location     Type
		None
 Auto vars:     Size  Location     Type
		None
 Return value:  Size  Location     Type
                  1    wreg      void 
 Registers used:
		None
 Tracked objects:
		On entry : 
		On exit  : 
		Unchanged: 
 Data sizes:     COMMON   BANK0   BANK1   BANK3   BANK2
      Params:         0       0       0       0       0
      Locals:         0       0       0       0       0
      Temps:          0       0       0       0       0
      Totals:         0       0       0       0       0
Total ram usage:        0 bytes
 Hardware stack levels used:    1
 Hardware stack levels required when called:    5
 This function calls:
		Nothing
 This function is called by:
		_system_init
		_SOS_Run
 This function uses a non-reentrant model


 *************** function _sevenSegWrite *****************
 Defined at:
		line 87 in file "seven_segment.c"
 Parameters:    Size  Location     Type
  u8_number       1    wreg     unsigned char 
 Auto vars:     Size  Location     Type
  u8_number       1   15[BANK0 ] unsigned char 
  ret             1   14[BANK0 ] unsigned char 
 Return value:  Size  Location     Type
                  1    wreg      unsigned char 
 Registers used:
		wreg, fsr0l, fsr0h, status,2, status,0, btemp+1, pclath, cstack
 Tracked objects:
		On entry : 
		On exit  : 
		Unchanged: 
 Data sizes:     COMMON   BANK0   BANK1   BANK3   BANK2
      Params:         0       0       0       0       0
      Locals:         0       2       0       0       0
      Temps:          0       2       0       0       0
      Totals:         0       4       0       0       0
Total ram usage:        4 bytes
 Hardware stack levels used:    1
 Hardware stack levels required when called:    6
 This function calls:
		_Timer_Start
		___awdiv
		___awmod
 This function is called by:
		_Task2
 This function uses a non-reentrant model


 *************** function ___awmod *****************
 Defined at:
		line 5 in file "C:\Program Files\Microchip\xc8\v2.20\pic\sources\c90\common\awmod.c"
 Parameters:    Size  Location     Type
  divisor         2    4[BANK0 ] int 
  dividend        2    6[BANK0 ] int 
 Auto vars:     Size  Location     Type
  sign            1    9[BANK0 ] unsigned char 
  counter         1    8[BANK0 ] unsigned char 
 Return value:  Size  Location     Type
                  2    4[BANK0 ] int 
 Registers used:
		wreg, status,2, status,0, btemp+1
 Tracked objects:
		On entry : 
		On exit  : 
		Unchanged: 
 Data sizes:     COMMON   BANK0   BANK1   BANK3   BANK2
      Params:         0       4       0       0       0
      Locals:         0       2       0       0       0
      Temps:          0       0       0       0       0
      Totals:         0       6       0       0       0
Total ram usage:        6 bytes
 Hardware stack levels used:    1
 Hardware stack levels required when called:    5
 This function calls:
		Nothing
 This function is called by:
		_sevenSegWrite
 This function uses a non-reentrant model


 *************** function ___awdiv *****************
 Defined at:
		line 5 in file "C:\Program Files\Microchip\xc8\v2.20\pic\sources\c90\common\awdiv.c"
 Parameters:    Size  Location     Type
  divisor         2    4[BANK0 ] int 
  dividend        2    6[BANK0 ] int 
 Auto vars:     Size  Location     Type
  quotient        2   10[BANK0 ] int 
  sign            1    9[BANK0 ] unsigned char 
  counter         1    8[BANK0 ] unsigned char 
 Return value:  Size  Location     Type
                  2    4[BANK0 ] int 
 Registers used:
		wreg, status,2, status,0, btemp+1
 Tracked objects:
		On entry : 
		On exit  : 
		Unchanged: 
 Data sizes:     COMMON   BANK0   BANK1   BANK3   BANK2
      Params:         0       4       0       0       0
      Locals:         0       4       0       0       0
      Temps:          0       0       0       0       0
      Totals:         0       8       0       0       0
Total ram usage:        8 bytes
 Hardware stack levels used:    1
 Hardware stack levels required when called:    5
 This function calls:
		Nothing
 This function is called by:
		_sevenSegWrite
 This function uses a non-reentrant model


 *************** function _Timer_Start *****************
 Defined at:
		line 148 in file "Timer.c"
 Parameters:    Size  Location     Type
  Timer_CH_NO     1    wreg     unsigned char 
  Timer_Count     2    4[BANK0 ] unsigned int 
 Auto vars:     Size  Location     Type
  Timer_CH_NO     1    8[BANK0 ] unsigned char 
  ret_error       1    9[BANK0 ] unsigned char 
 Return value:  Size  Location     Type
                  1    wreg      unsigned char 
 Registers used:
		wreg, fsr0l, fsr0h, status,2, status,0, btemp+1
 Tracked objects:
		On entry : 
		On exit  : 
		Unchanged: 
 Data sizes:     COMMON   BANK0   BANK1   BANK3   BANK2
      Params:         0       2       0       0       0
      Locals:         0       2       0       0       0
      Temps:          0       2       0       0       0
      Totals:         0       6       0       0       0
Total ram usage:        6 bytes
 Hardware stack levels used:    1
 Hardware stack levels required when called:    5
 This function calls:
		Nothing
 This function is called by:
		_sevenSegWrite
		_SOS_Init
		_system_init
 This function uses a non-reentrant model


 *************** function _EEPROM_Write *****************
 Defined at:
		line 72 in file "i2c_EEPROM.c"
 Parameters:    Size  Location     Type
  add             2    5[BANK0 ] unsigned int 
  data            1    7[BANK0 ] unsigned char 
 Auto vars:     Size  Location     Type
		None
 Return value:  Size  Location     Type
                  1    wreg      void 
 Registers used:
		wreg, status,2, status,0, btemp+1, pclath, cstack
 Tracked objects:
		On entry : 
		On exit  : 
		Unchanged: 
 Data sizes:     COMMON   BANK0   BANK1   BANK3   BANK2
      Params:         0       3       0       0       0
      Locals:         0       0       0       0       0
      Temps:          0       0       0       0       0
      Totals:         0       3       0       0       0
Total ram usage:        3 bytes
 Hardware stack levels used:    1
 Hardware stack levels required when called:    7
 This function calls:
		_I2C_Master_RepeatedStart
		_I2C_Master_Start
		_I2C_Master_Stop
		_I2C_Master_Write
 This function is called by:
		_Task2
		_nvm_Write
 This function uses a non-reentrant model


 *************** function _EEPROM_Read *****************
 Defined at:
		line 100 in file "i2c_EEPROM.c"
 Parameters:    Size  Location     Type
  add             2    5[BANK0 ] unsigned int 
 Auto vars:     Size  Location     Type
  Data            1    7[BANK0 ] unsigned char 
 Return value:  Size  Location     Type
                  1    wreg      unsigned char 
 Registers used:
		wreg, status,2, status,0, btemp+1, pclath, cstack
 Tracked objects:
		On entry : 
		On exit  : 
		Unchanged: 
 Data sizes:     COMMON   BANK0   BANK1   BANK3   BANK2
      Params:         0       2       0       0       0
      Locals:         0       1       0       0       0
      Temps:          0       0       0       0       0
      Totals:         0       3       0       0       0
Total ram usage:        3 bytes
 Hardware stack levels used:    1
 Hardware stack levels required when called:    7
 This function calls:
		_I2C_Master_RepeatedStart
		_I2C_Master_Start
		_I2C_Master_Stop
		_I2C_Master_Write
		_I2C_NACK
		_I2C_Read_Byte
 This function is called by:
		_Task2
		_nvm_Read
 This function uses a non-reentrant model


 *************** function _I2C_Read_Byte *****************
 Defined at:
		line 45 in file "i2c_EEPROM.c"
 Parameters:    Size  Location     Type
		None
 Auto vars:     Size  Location     Type
		None
 Return value:  Size  Location     Type
                  1    wreg      unsigned char 
 Registers used:
		wreg, status,2, status,0, pclath, cstack
 Tracked objects:
		On entry : 
		On exit  : 
		Unchanged: 
 Data sizes:     COMMON   BANK0   BANK1   BANK3   BANK2
      Params:         0       0       0       0       0
      Locals:         0       0       0       0       0
      Temps:          0       0       0       0       0
      Totals:         0       0       0       0       0
Total ram usage:        0 bytes
 Hardware stack levels used:    1
 Hardware stack levels required when called:    6
 This function calls:
		_I2C_Master_Wait
 This function is called by:
		_EEPROM_Read
		_EEPROM_Read_Page
 This function uses a non-reentrant model


 *************** function _I2C_NACK *****************
 Defined at:
		line 61 in file "i2c_EEPROM.c"
 Parameters:    Size  Location     Type
		None
 Auto vars:     Size  Location     Type
		None
 Return value:  Size  Location     Type
                  1    wreg      void 
 Registers used:
		wreg, status,2, status,0, pclath, cstack
 Tracked objects:
		On entry : 
		On exit  : 
		Unchanged: 
 Data sizes:     COMMON   BANK0   BANK1   BANK3   BANK2
      Params:         0       0       0       0       0
      Locals:         0       0       0       0       0
      Temps:          0       0       0       0       0
      Totals:         0       0       0       0       0
Total ram usage:        0 bytes
 Hardware stack levels used:    1
 Hardware stack levels required when called:    6
 This function calls:
		_I2C_Master_Wait
 This function is called by:
		_EEPROM_Read
[...]
 Hardware stack levels required when called:    6
 This function calls:
		_I2C_Master_Wait
 This function is called by:
		_EEPROM_Write
		_EEPROM_Read
		_EEPROM_Write_Page
		_EEPROM_Read_Page
 This function uses a non-reentrant model


 *************** function _I2C_Master_RepeatedStart *****************
 Defined at:
		line 26 in file "i2c_EEPROM.c"
 Parameters:    Size  Location     Type
		None
 Auto vars:     Size  Location     Type
		None
 Return value:  Size  Location     Type
                  1    wreg      void 
 Registers used:
		wreg, status,2, status,0, btemp+1, pclath, cstack
 Tracked objects:
		On entry : 
		On exit  : 
		Unchanged: 
 Data sizes:     COMMON   BANK0   BANK1   BANK3   BANK2
      Params:         0       0       0       0       0
      Locals:         0       0       0       0       0
      Temps:          0       0       0       0       0
      Totals:         0       0       0       0       0
Total ram usage:        0 bytes
 Hardware stack levels used:    1
 Hardware stack levels required when called:    6
 This function calls:
		_I2C_Master_Wait
 This function is called by:
		_EEPROM_Write
		_EEPROM_Read
		_EEPROM_Write_Page
		_EEPROM_Read_Page
 This function uses a non-reentrant model


 *************** function _I2C_Master_Wait *****************
 Defined at:
		line 17 in file "i2c_EEPROM.c"
 Parameters:    Size  Location     Type
		None
 Auto vars:     Size  Location     Type
		None
 Return value:  Size  Location     Type
                  1    wreg      void 
 Registers used:
		wreg, status,2
 Tracked objects:
		On entry : 
		On exit  : 
		Unchanged: 
 Data sizes:     COMMON   BANK0   BANK1   BANK3   BANK2
      Params:         0       0       0       0       0
      Locals:         0       0       0       0       0
      Temps:          0       0       0       0       0
      Totals:         0       0       0       0       0
Total ram usage:        0 bytes
 Hardware stack levels used:    1
 Hardware stack levels required when called:    5
 This function calls:
		Nothing
 This function is called by:
		_I2C_Master_Start
		_I2C_Master_RepeatedStart
		_I2C_Master_Stop
		_I2C_Master_Write
		_I2C_Read_Byte
		_I2C_NACK
		_I2C_ACK
 This function uses a non-reentrant model


 *************** function _ADC_READ *****************
 Defined at:
		line 39 in file "ADC.c"
 Parameters:    Size  Location     Type
		None
 Auto vars:     Size  Location     Type
		None
 Return value:  Size  Location     Type
                  2   14[BANK0 ] unsigned int 
 Registers used:
		wreg, status,2, status,0, btemp+1, pclath, cstack
 Tracked objects:
		On entry : 
		On exit  : 
		Unchanged: 
 Data sizes:     COMMON   BANK0   BANK1   BANK3   BANK2
      Params:         0       2       0       0       0
      Locals:         0       0       0       0       0
      Temps:          0       1       0       0       0
      Totals:         0       3       0       0       0
Total ram usage:        3 bytes
 Hardware stack levels used:    1
 Hardware stack levels required when called:    6
 This function calls:
		_SwDelay_ms
		_SwDelay_us
 This function is called by:
		_Task2
		_Temp_sensor_read
 This function uses a non-reentrant model


 *************** function _SwDelay_us *****************
 Defined at:
		line 37 in file "software_delay.c"
 Parameters:    Size  Location     Type
  n               4    4[BANK0 ] unsigned long 
 Auto vars:     Size  Location     Type
		None
 Return value:  Size  Location     Type
                  1    wreg      void 
 Registers used:
		wreg
 Tracked objects:
		On entry : 
		On exit  : 
		Unchanged: 
 Data sizes:     COMMON   BANK0   BANK1   BANK3   BANK2
      Params:         0       4       0       0       0
      Locals:         0       0       0       0       0
      Temps:          0       4       0       0       0
      Totals:         0       8       0       0       0
Total ram usage:        8 bytes
 Hardware stack levels used:    1
 Hardware stack levels required when called:    5
 This function calls:
		Nothing
 This function is called by:
		_ADC_READ
 This function uses a non-reentrant model


 *************** function _SwDelay_ms *****************
 Defined at:
		line 10 in file "software_delay.c"
 Parameters:    Size  Location     Type
  n               4    4[BANK0 ] unsigned long 
 Auto vars:     Size  Location     Type
  counter_21      1   13[BANK0 ] unsigned char 
  counter_256     1   12[BANK0 ] unsigned char 
 Return value:  Size  Location     Type
                  1    wreg      void 
 Registers used:
		wreg, status,2, status,0, btemp+1
 Tracked objects:
		On entry : 
		On exit  : 
		Unchanged: 
 Data sizes:     COMMON   BANK0   BANK1   BANK3   BANK2
      Params:         0       4       0       0       0
      Locals:         0       2       0       0       0
      Temps:          0       4       0       0       0
      Totals:         0      10       0       0       0
Total ram usage:       10 bytes
 Hardware stack levels used:    1
 Hardware stack levels required when called:    5
 This function calls:
		Nothing
 This function is called by:
		_ADC_READ
 This function uses a non-reentrant model


 *************** function _pushButtonGetStatus *****************
 Defined at:
		line 23 in file "pushButton.c"
 Parameters:    Size  Location     Type
  en_butotn_id    1    wreg     enum E62
 Auto vars:     Size  Location     Type
  en_butotn_id    1   12[BANK0 ] enum E62
  pushreturn      1   13[BANK0 ] unsigned char 
 Return value:  Size  Location     Type
                  1    wreg      enum E67
 Registers used:
		wreg, fsr0l, fsr0h, status,2, status,0, btemp+1, pclath, cstack
 Tracked objects:
		On entry : 
		On exit  : 
		Unchanged: 
 Data sizes:     COMMON   BANK0   BANK1   BANK3   BANK2
      Params:         0       0       0       0       0
      Locals:         0       2       0       0       0
      Temps:          0       2       0       0       0
      Totals:         0       4       0       0       0
Total ram usage:        4 bytes
 Hardware stack levels used:    1
 Hardware stack levels required when called:    6
 This function calls:
		_DIO_Read
 This function is called by:
		_Task1
 This function uses a non-reentrant model


 *************** function _DIO_Read *****************
 Defined at:
		line 236 in file "DIO.c"
 Parameters:    Size  Location     Type
  GPIO            1    wreg     unsigned char 
  pins            1    4[BANK0 ] unsigned char 
  data            1    5[BANK0 ] PTR unsigned char 
		 -> pushButtonGetStatus@u8_Button_press(3), 
 Auto vars:     Size  Location     Type
  GPIO            1    9[BANK0 ] unsigned char 
  ret_error       1    8[BANK0 ] unsigned char 
 Return value:  Size  Location     Type
                  1    wreg      unsigned char 
 Registers used:
		wreg, fsr0l, fsr0h, status,2, status,0, btemp+1
 Tracked objects:
		On entry : 
		On exit  : 
		Unchanged: 
 Data sizes:     COMMON   BANK0   BANK1   BANK3   BANK2
      Params:         0       2       0       0       0
      Locals:         0       2       0       0       0
      Temps:          0       2       0       0       0
      Totals:         0       6       0       0       0
Total ram usage:        6 bytes
 Hardware stack levels used:    1
 Hardware stack levels required when called:    5
 This function calls:
		Nothing
 This function is called by:
		_pushButtonGetStatus
 This function uses a non-reentrant model


 *************** function _checkmyisr *****************
 Defined at:
		line 11 in file "interrupts.c"
 Parameters:    Size  Location     Type
		None
 Auto vars:     Size  Location     Type
		None
 Return value:  Size  Location     Type
                  1    wreg      void 
 Registers used:
		wreg, fsr0l, fsr0h, status,2, status,0, btemp+1, pclath, cstack
 Tracked objects:
		On entry : 
		On exit  : 
		Unchanged: 
 Data sizes:     COMMON   BANK0   BANK1   BANK3   BANK2
      Params:         0       0       0       0       0
      Locals:         0       0       0       0       0
      Temps:          0       4       0       0       0
      Totals:         0       4       0       0       0
Total ram usage:        4 bytes
 Hardware stack levels used:    1
 Hardware stack levels required when called:    4
 This function calls:
		Absolute function
		_adc_interrupt_routine
		_seven_seg_POV
		_timer0_interrupt_ovfRoutine
		_timer1_interrupt_ovfRoutine
		_timer_interrupt
 This function is called by:
		Interrupt level 1
 This function uses a non-reentrant model


 *************** function _timer1_interrupt_ovfRoutine *****************
 Defined at:
		line 116 in file "Timer.c"
 Parameters:    Size  Location     Type
		None
 Auto vars:     Size  Location     Type
		None
 Return value:  Size  Location     Type
                  1    wreg      void 
 Registers used:
		wreg, status,2, status,0, btemp+1
 Tracked objects:
		On entry : 
		On exit  : 
		Unchanged: 
 Data sizes:     COMMON   BANK0   BANK1   BANK3   BANK2
      Params:         0       0       0       0       0
      Locals:         0       0       0       0       0
      Temps:          0       0       0       0       0
      Totals:         0       0       0       0       0
Total ram usage:        0 bytes
 Hardware stack levels used:    1
 This function calls:
		Nothing
 This function is called by:
		_checkmyisr
 This function uses a non-reentrant model


 *************** function _timer0_interrupt_ovfRoutine *****************
 Defined at:
		line 108 in file "Timer.c"
 Parameters:    Size  Location     Type
		None
 Auto vars:     Size  Location     Type
		None
 Return value:  Size  Location     Type
                  1    wreg      void 
 Registers used:
		wreg, status,2, status,0, btemp+1
 Tracked objects:
		On entry : 
		On exit  : 
		Unchanged: 
 Data sizes:     COMMON   BANK0   BANK1   BANK3   BANK2
      Params:         0       0       0       0       0
      Locals:         0       0       0       0       0
      Temps:          0       0       0       0       0
      Totals:         0       0       0       0       0
Total ram usage:        0 bytes
 Hardware stack levels used:    1
 This function calls:
		Nothing
 This function is called by:
		_checkmyisr
 This function uses a non-reentrant model


 *************** function _seven_seg_POV *****************
 Defined at:
		line 26 in file "seven_segment.c"
 Parameters:    Size  Location     Type
		None
 Auto vars:     Size  Location     Type
		None
 Return value:  Size  Location     Type
                  1    wreg      void 
 Registers used:
		wreg, fsr0l, fsr0h, status,2, status,0, btemp+1, pclath, cstack
 Tracked objects:
		On entry : 
		On exit  : 
		Unchanged: 
 Data sizes:     COMMON   BANK0   BANK1   BANK3   BANK2
      Params:         0       0       0       0       0
      Locals:         0       0       0       0       0
      Temps:          0       0       0       0       0
      Totals:         0       0       0       0       0
Total ram usage:        0 bytes
 Hardware stack levels used:    1
 Hardware stack levels required when called:    3
 This function calls:
		_sevenSegEnable
 This function is called by:
		_checkmyisr
 This function uses a non-reentrant model


 *************** function _timer_interrupt *****************
 Defined at:
		line 219 in file "SOS.c"
 Parameters:    Size  Location     Type
		None
 Auto vars:     Size  Location     Type
		None
 Return value:  Size  Location     Type
                  1    wreg      void 
 Registers used:
		wreg, status,2, status,0, btemp+1
 Tracked objects:
		On entry : 
		On exit  : 
		Unchanged: 
 Data sizes:     COMMON   BANK0   BANK1   BANK3   BANK2
      Params:         0       0       0       0       0
      Locals:         0       0       0       0       0
      Temps:          0       0       0       0       0
      Totals:         0       0       0       0       0
Total ram usage:        0 bytes
 Hardware stack levels used:    1
 This function calls:
		Nothing
 This function is called by:
		_SOS_Init
		_checkmyisr
 This function uses a non-reentrant model


 *************** function _sevenSegEnable *****************
 Defined at:
		line 45 in file "seven_segment.c"
 Parameters:    Size  Location     Type
  segment_id      1    wreg     unsigned char 
 Auto vars:     Size  Location     Type
  segment_id      1   12[COMMON] unsigned char 
  ret             1   13[COMMON] unsigned char 
 Return value:  Size  Location     Type
                  1    wreg      unsigned char 
 Registers used:
		wreg, fsr0l, fsr0h, status,2, status,0, btemp+1, pclath, cstack
 Tracked objects:
		On entry : 
		On exit  : 
		Unchanged: 
 Data sizes:     COMMON   BANK0   BANK1   BANK3   BANK2
      Params:         0       0       0       0       0
      Locals:         2       0       0       0       0
      Temps:          2       0       0       0       0
      Totals:         4       0       0       0       0
Total ram usage:        4 bytes
 Hardware stack levels used:    1
 Hardware stack levels required when called:    2
 This function calls:
		i1_DIO_Write
		i1_sevenSegDisable
 This function is called by:
		_seven_seg_POV
 This function uses a non-reentrant model


 *************** function i1_sevenSegDisable *****************
 Defined at:
		line 67 in file "seven_segment.c"
 Parameters:    Size  Location     Type
  en_segment_i    1    wreg     enum E96
 Auto vars:     Size  Location     Type
  en_segment_i    1    8[COMMON] enum E96
  ret             1    9[COMMON] unsigned char 
 Return value:  Size  Location     Type
                  1    wreg      unsigned char 
 Registers used:
		wreg, fsr0l, fsr0h, status,2, status,0, btemp+1, pclath, cstack
 Tracked objects:
		On entry : 
		On exit  : 
		Unchanged: 
 Data sizes:     COMMON   BANK0   BANK1   BANK3   BANK2
      Params:         0       0       0       0       0
      Locals:         2       0       0       0       0
      Temps:          2       0       0       0       0
      Totals:         4       0       0       0       0
Total ram usage:        4 bytes
 Hardware stack levels used:    1
 Hardware stack levels required when called:    1
 This function calls:
		i1_DIO_Write
 This function is called by:
		_sevenSegEnable
 This function uses a non-reentrant model


 *************** function i1_DIO_Write *****************
 Defined at:
		line 132 in file "DIO.c"
 Parameters:    Size  Location     Type
  GPIO            1    wreg     unsigned char 
  pins            1    0[COMMON] unsigned char 
  value           1    1[COMMON] unsigned char 
 Auto vars:     Size  Location     Type
  GPIO            1    5[COMMON] unsigned char 
  ret_error       1    4[COMMON] unsigned char 
 Return value:  Size  Location     Type
                  1    wreg      unsigned char 
 Registers used:
		wreg, fsr0l, fsr0h, status,2, status,0, btemp+1
 Tracked objects:
		On entry : 
		On exit  : 
		Unchanged: 
 Data sizes:     COMMON   BANK0   BANK1   BANK3   BANK2
      Params:         2       0       0       0       0
      Locals:         2       0       0       0       0
      Temps:          2       0       0       0       0
      Totals:         6       0       0       0       0
Total ram usage:        6 bytes
 Hardware stack levels used:    1
 This function calls:
		Nothing
 This function is called by:
		_sevenSegEnable
		i1_sevenSegDisable
 This function uses a non-reentrant model


 *************** function _adc_interrupt_routine *****************
 Defined at:
		line 53 in file "ADC.c"
 Parameters:    Size  Location     Type
		None
 Auto vars:     Size  Location     Type
		None
 Return value:  Size  Location     Type
                  1    wreg      void 
 Registers used:
		wreg, status,2, status,0, btemp+1
 Tracked objects:
		On entry : 
		On exit  : 
		Unchanged: 
 Data sizes:     COMMON   BANK0   BANK1   BANK3   BANK2
      Params:         0       0       0       0       0
      Locals:         0       0       0       0       0
      Temps:          0       0       0       0       0
      Totals:         0       0       0       0       0
Total ram usage:        0 bytes
 Hardware stack levels used:    1
 This function calls:
		Nothing
 This function is called by:
		_ADC_INIT
		_checkmyisr
 This function uses a non-reentrant model



MODULE INFORMATION

Module		Function		Class		Link	Load	Size
Timer.c
		_Timer_Start   		CODE           	0B2D	0000	54
		_timer1_interrupt_ovfRoutine		CODE           	09AE	0000	19
		_Timer_Init    		CODE           	0085	0000	299
		_timer0_interrupt_ovfRoutine		CODE           	099F	0000	16

Timer.c estimated size: 388

C:\Program Files\Microchip\xc8\v2.20\pic\sources\c90\common\__lldiv.c
		___lldiv       		CODE           	0F2F	0000	105

C:\Program Files\Microchip\xc8\v2.20\pic\sources\c90\common\__lldiv.c estimated size: 105

interrupts.c
		_global_int_enable		CODE           	0933	0000	12
		_special_int_disable		CODE           	0C90	0000	65
		_checkmyisr    		CODE           	0D69	0000	88
		_special_int_enable		CODE           	0710	0000	122

interrupts.c estimated size: 287

i2c_EEPROM.c
		_EEPROM_Read   		CODE           	0BD6	0000	62
		_I2C_Master_Wait		CODE           	07F3	0000	14
		_EEPROM_Write  		CODE           	0AC6	0000	52
		_I2C_Master_Init		CODE           	0DC0	0000	90
		_I2C_Master_Stop		CODE           	0966	0000	15
		_I2C_Master_RepeatedStart		CODE           	094A	0000	15
		_I2C_Read_Byte 		CODE           	09EA	0000	24
		_I2C_Master_Write		CODE           	09D3	0000	24
		_I2C_NACK      		CODE           	093E	0000	13
		_I2C_Master_Start		CODE           	0958	0000	15

i2c_EEPROM.c estimated size: 324

software_delay.c
		_SwDelay_ms    		CODE           	0C50	0000	65
		_SwDelay_us    		CODE           	0A39	0000	41

software_delay.c estimated size: 106

DIO.c
		_DIO_init      		CODE           	01AF	0000	279
		_DIO_Write     		CODE           	0383	0000	179
		_DIO_Read      		CODE           	0E74	0000	94

DIO.c estimated size: 552

C:\Program Files\Microchip\xc8\v2.20\pic\sources\c90\common\awmod.c
		___awmod       		CODE           	0E19	0000	92

C:\Program Files\Microchip\xc8\v2.20\pic\sources\c90\common\awmod.c estimated size: 92

shared
		i1_DIO_Write   		CODE           	0435	0000	179
		__stringtab    		STRING         	0800	0000	7
		__i1fptable    		ENTRY          	0070	0000	22
		_TMU_Configuration		STRING         	0806	0000	3
		i1_sevenSegDisable		CODE           	0A93	0000	52
		__initialization		CODE           	0015	0000	68
		__fptable      		ENTRY          	005C	0000	21

shared estimated size: 352

ADC.c
		_adc_interrupt_routine		CODE           	0990	0000	16
		_ADC_READ      		CODE           	0B9B	0000	60
		_ADC_INIT      		CODE           	0609	0000	137

ADC.c estimated size: 213

pushButton.c
		_pushButtonGetStatus		CODE           	0691	0000	128

pushButton.c estimated size: 128

tasks1.c
		_Task1         		CODE           	0D1A	0000	80
		_Task2         		CODE           	0C13	0000	62
		_Task3         		CODE           	0003	0000	2

tasks1.c estimated size: 144

C:\Program Files\Microchip\xc8\v2.20\pic\sources\c90\common\Umul8.c
		___bmul        		CODE           	0A01	0000	24

C:\Program Files\Microchip\xc8\v2.20\pic\sources\c90\common\Umul8.c estimated size: 24

main.c
		_system_init   		CODE           	04E7	0000	153
		_main          		CODE           	0974	0000	15

main.c estimated size: 168

SOS.c
		_SOS_Init      		CODE           	057F	0000	139
		_timer_interrupt		CODE           	0928	0000	12
		_SOS_Create_Task		CODE           	0789	0000	107
		_SOS_Run       		CODE           	02C5	0000	191

SOS.c estimated size: 449

C:\Program Files\Microchip\xc8\v2.20\pic\sources\c90\common\awdiv.c
		___awdiv       		CODE           	0F97	0000	106

C:\Program Files\Microchip\xc8\v2.20\pic\sources\c90\common\awdiv.c estimated size: 106

seven_segment.c
		_seven_seg_POV 		CODE           	0A61	0000	51
		_sevenSegInit  		CODE           	0AF9	0000	53
		_sevenSegWrite 		CODE           	0ED1	0000	95
		_sevenSegEnable		CODE           	0CD0	0000	75
		_sevenSegDisable		CODE           	0B62	0000	58

seven_segment.c estimated size: 332

