Microchip MPLAB XC8 Compiler V2.20

Linker command line:

-W-3 --edf=C:\Program Files\Microchip\xc8\v2.20\pic\dat\en_msgs.txt -cn \
  -h+dist/default/production\Swift.X.production.sym \
  --cmf=dist/default/production\Swift.X.production.cmf -z -Q16F877A \
  -oC:\Users\mo\AppData\Local\Temp\s9vo.3 --defsym=__MPLAB_BUILD=1 \
  -Mdist/default/production/Swift.X.production.map -E1 -ver=XC8 Compiler \
  --acfsm=1493 -ASTACK=0110h-016Fh -pstack=STACK -ACODE=00h-07FFhx4 \
  -ASTRCODE=00h-01FFFh -ASTRING=00h-0FFhx32 -ACONST=00h-0FFhx32 \
  -AENTRY=00h-0FFhx32 -ACOMMON=070h-07Fh -ABANK0=020h-06Fh \
  -ABANK1=0A0h-0EFh -ABANK2=0110h-016Fh -ABANK3=0190h-01EFh \
  -ARAM=020h-06Fh,0A0h-0EFh,0110h-016Fh,0190h-01EFh \
  -AABS1=020h-07Fh,0A0h-0EFh,0110h-016Fh,0190h-01EFh -ASFR0=00h-01Fh \
  -ASFR1=080h-09Fh -ASFR2=0100h-010Fh -ASFR3=0180h-018Fh \
  -ACONFIG=02007h-02007h -DCONFIG=2 -AIDLOC=02000h-02003h -DIDLOC=2 \
  -preset_vec=00h,intentry=04h,init,end_init -ppowerup=CODE -pcinit=CODE \
  -pfunctab=ENTRY -AEEDATA=00h-0FFh/02100h -peeprom_data=EEDATA -DEEDATA=2 \
  -DCODE=2 -DSTRCODE=2 -DSTRING=2 -DCONST=2 -DENTRY=2 -k \
  C:\Users\mo\AppData\Local\Temp\s9vo.o \
  dist/default/production\Swift.X.production.o 

Object code version is 3.11

Machine type is 16F877A



                Name                               Link     Load   Length Selector   Space Scale
C:\Users\mo\AppData\Local\Temp\s9vo.o
                end_init                             12       12        3        8       0
                reset_vec                             0        0        3        0       0
dist/default/production\Swift.X.production.o
                cinit                                15       15       39        8       0
                functab                              4E       4E       2A       9C       0
                intentry                              4        4        E        8       0
                text47                              C84      C84       3C     1908       0
                text46                              9C6      9C6       11     138C       0
                text45                              428      428       B2       F0       0
                text44                              A9A      A9A       33     1534       0
                text43                              D7D      D7D       4A     1AFA       0
                text42                              950      950        B     12A0       0
                text41                              A69      A69       31     14D2       0
                text40                              9B7      9B7        F     136E       0
                text39                              9D7      9D7       12     13AE       0
                text38                              DC7      DC7       57     1B8E       0
                text37                              E79      E79       5D     1CF2       0
                text36                              5EC      5EC       7F       F0       0
                text35                              CFD      CFD       40     19FA       0
                text34                              95B      95B        B     12B6       0
                text33                              66B      66B       79       F0       0
                text32                              564      564       88       F0       0
                text31                              D3D      D3D       40     1A7A       0
                text30                              A41      A41       28     1482       0
                text29                              C0E      C0E       3B     181C       0
                text28                              972      972        D     12E4       0
                text27                              97F      97F        E     12FE       0
                text26                              98D      98D        E     131A       0
                text25                              99B      99B        E     1336       0
                text24                              9FC      9FC       17     13F8       0
                text23                              966      966        C     12CC       0
                text22                              A13      A13       17     1426       0
                text21                              7B7      7B7       49       F0       0
                text20                              B00      B00       34     1600       0
                text19                              F98      F98       68     1F30       0
                text18                              CC0      CC0       3D     1980       0
                text17                              1A2      1A2      116       F0       0
                text16                               78       78      12A       F0       0
                text15                              376      376       B2       F0       0
                text14                              BD5      BD5       39     17AA       0
                text13                              B34      B34       34     1668       0
                text12                              B68      B68       35     16D0       0
                text11                              74E      74E       69       F0       0
                text10                              E1E      E1E       5B     1C3C       0
                text9                               ED6      ED6       5E     1DAC       0
                text8                                 3        3        1        0       0
                text7                               C49      C49       3B     1892       0
                text6                               F34      F34       64     1E68       0
                text5                               A2A      A2A       17     1454       0
                text4                               2B8      2B8       BE       F0       0
                text3                               6E4      6E4       6A       F0       0
                text2                               4DA      4DA       8A       F0       0
                text1                               B9D      B9D       38     173A       0
                maintext                            9A9      9A9        E     1352       0
                cstackBANK0                          46       46       20       20       1
                cstackCOMMON                         70       70        E       70       1
                cstackBANK1                          EC       EC        4       A0       1
                clrtext                             948      948        8     1290       0
                inittext                            9E9      9E9       13     13D2       0
                bssBANK3                            190      190       29      190       1
                dataBANK1                            A0       A0       33       A0       1
                bssBANK1                             D3       D3       19       A0       1
                dataBANK0                            66       66        5       20       1
                bssBANK0                             20       20       26       20       1
                strings                             800      800        8     1000       0
                idataBANK1                          ACD      ACD       33     159A       0
                idataBANK0                          943      943        5     1286       0

TOTAL           Name                               Link     Load   Length     Space
        CLASS   STACK          

        CLASS   CODE           
                end_init                             12       12        3         0
                cinit                                15       15       39         0
                intentry                              4        4        E         0
                reset_vec                             0        0        3         0
                text47                              C84      C84       3C         0
                text46                              9C6      9C6       11         0
                text45                              428      428       B2         0
                text44                              A9A      A9A       33         0
                text43                              D7D      D7D       4A         0
                text42                              950      950        B         0
                text41                              A69      A69       31         0
                text40                              9B7      9B7        F         0
                text39                              9D7      9D7       12         0
                text38                              DC7      DC7       57         0
                text37                              E79      E79       5D         0
                text36                              5EC      5EC       7F         0
                text35                              CFD      CFD       40         0
                text34                              95B      95B        B         0
                text33                              66B      66B       79         0
                text32                              564      564       88         0
                text31                              D3D      D3D       40         0
                text30                              A41      A41       28         0
                text29                              C0E      C0E       3B         0
                text28                              972      972        D         0
                text27                              97F      97F        E         0
                text26                              98D      98D        E         0
                text25                              99B      99B        E         0
                text24                              9FC      9FC       17         0
                text23                              966      966        C         0
                text22                              A13      A13       17         0
                text21                              7B7      7B7       49         0
                text20                              B00      B00       34         0
                text19                              F98      F98       68         0
                text18                              CC0      CC0       3D         0
                text17                              1A2      1A2      116         0
                text16                               78       78      12A         0
                text15                              376      376       B2         0
                text14                              BD5      BD5       39         0
                text13                              B34      B34       34         0
                text12                              B68      B68       35         0
                text11                              74E      74E       69         0
                text10                              E1E      E1E       5B         0
                text9                               ED6      ED6       5E         0
                text8                                 3        3        1         0
                text7                               C49      C49       3B         0
                text6                               F34      F34       64         0
                text5                               A2A      A2A       17         0
                text4                               2B8      2B8       BE         0
                text3                               6E4      6E4       6A         0
                text2                               4DA      4DA       8A         0
                text1                               B9D      B9D       38         0
                maintext                            9A9      9A9        E         0
                clrtext                             948      948        8         0
                inittext                            9E9      9E9       13         0
                idataBANK1                          ACD      ACD       33         0
                idataBANK0                          943      943        5         0

        CLASS   STRCODE        

        CLASS   STRING         
                strings                             800      800        8         0

        CLASS   CONST          

        CLASS   ENTRY          
                functab                              4E       4E       2A         0

        CLASS   COMMON         
                cstackCOMMON                         70       70        E         1

        CLASS   BANK0          
                cstackBANK0                          46       46       20         1
                dataBANK0                            66       66        5         1
                bssBANK0                             20       20       26         1

        CLASS   BANK1          
                cstackBANK1                          EC       EC        4         1
                dataBANK1                            A0       A0       33         1
                bssBANK1                             D3       D3       19         1

        CLASS   BANK2          

        CLASS   BANK3          
                bssBANK3                            190      190       29         1

        CLASS   RAM            

        CLASS   ABS1           
                abs_s1                               7E       7E        2         1

        CLASS   SFR0           

        CLASS   SFR1           

        CLASS   SFR2           

        CLASS   SFR3           

        CLASS   CONFIG         

        CLASS   IDLOC          

        CLASS   EEDATA         



SEGMENTS        Name                           Load    Length   Top    Selector   Space  Class     Delta

                reset_vec                      000000  000004  000004         0       0  CODE        2
                intentry                       000004  00004A  00004E         8       0  CODE        2
                bssBANK0                       000020  00004B  00006B        20       1  BANK0       1
                cstackCOMMON                   000070  00000E  00007E        70       1  COMMON      1
                functab                        00004E  00002A  000078        9C       0  ENTRY       2
                dataBANK1                      0000A0  000050  0000F0        A0       1  BANK1       1
                text16                         000078  000788  000800        F0       0  CODE        2
                bssBANK3                       000190  000029  0001B9       190       1  BANK3       1
                strings                        000800  000008  000808      1000       0  STRING      2
                idataBANK0                     000943  000005  000948      1286       0  CODE        2
                clrtext                        000948  000008  000950      1290       0  CODE        2
                text42                         000950  00000B  00095B      12A0       0  CODE        2
                text34                         00095B  00000B  000966      12B6       0  CODE        2
                text23                         000966  00000C  000972      12CC       0  CODE        2
                text28                         000972  00000D  00097F      12E4       0  CODE        2
                text27                         00097F  00000E  00098D      12FE       0  CODE        2
                text26                         00098D  00000E  00099B      131A       0  CODE        2
                text25                         00099B  00000E  0009A9      1336       0  CODE        2
                maintext                       0009A9  00000E  0009B7      1352       0  CODE        2
                text40                         0009B7  00000F  0009C6      136E       0  CODE        2
                text46                         0009C6  000011  0009D7      138C       0  CODE        2
                text39                         0009D7  000012  0009E9      13AE       0  CODE        2
                inittext                       0009E9  000013  0009FC      13D2       0  CODE        2
                text24                         0009FC  000017  000A13      13F8       0  CODE        2
                text22                         000A13  000017  000A2A      1426       0  CODE        2
                text5                          000A2A  000017  000A41      1454       0  CODE        2
                text30                         000A41  000028  000A69      1482       0  CODE        2
                text41                         000A69  000031  000A9A      14D2       0  CODE        2
                text44                         000A9A  000033  000ACD      1534       0  CODE        2
                idataBANK1                     000ACD  000033  000B00      159A       0  CODE        2
                text20                         000B00  000034  000B34      1600       0  CODE        2
                text13                         000B34  000034  000B68      1668       0  CODE        2
                text12                         000B68  000035  000B9D      16D0       0  CODE        2
                text1                          000B9D  000038  000BD5      173A       0  CODE        2
                text14                         000BD5  000039  000C0E      17AA       0  CODE        2
                text29                         000C0E  00003B  000C49      181C       0  CODE        2
                text7                          000C49  00003B  000C84      1892       0  CODE        2
                text47                         000C84  00003C  000CC0      1908       0  CODE        2
                text18                         000CC0  00003D  000CFD      1980       0  CODE        2
                text35                         000CFD  000040  000D3D      19FA       0  CODE        2
                text31                         000D3D  000040  000D7D      1A7A       0  CODE        2
                text43                         000D7D  00004A  000DC7      1AFA       0  CODE        2
                text38                         000DC7  000057  000E1E      1B8E       0  CODE        2
                text10                         000E1E  00005B  000E79      1C3C       0  CODE        2
                text37                         000E79  00005D  000ED6      1CF2       0  CODE        2
                text9                          000ED6  00005E  000F34      1DAC       0  CODE        2
                text6                          000F34  000064  000F98      1E68       0  CODE        2
                text19                         000F98  000068  001000      1F30       0  CODE        2


UNUSED ADDRESS RANGES

        Name                Unused          Largest block    Delta
        BANK0            006B-006F              5           1
        BANK2            0110-016F             60           1
        BANK3            01B9-01EF             37           1
        CODE             0808-0942            13B           2
                         1000-1FFF            800
        CONFIG           2007-2007              1           2
        CONST            0808-0942             F8           2
                         1000-1FFF            100
        EEDATA           2100-21FF            100           2
        ENTRY            0808-0942             F8           2
                         1000-1FFF            100
        IDLOC            2000-2003              4           2
        RAM              006B-006F              5           1
                         0110-016F             60
                         01B9-01EF             37
        SFR0             0000-001F             20           1
        SFR1             0080-009F             20           1
        SFR2             0100-010F             10           1
        SFR3             0180-018F             10           1
        STACK            0110-016F             60           1
        STRCODE          0808-0942            13B           2
                         1000-1FFF           1000
        STRING           0808-0942             F8           2
                         1000-1FFF            100

                                  Symbol Table

?_ADC_READ                                  cstackBANK0  0054
?___awdiv                                   cstackBANK0  004A
?___awmod                                   cstackBANK0  004A
?___lldiv                                   cstackBANK0  004A
ADC_INIT@ADC_info                           cstackBANK0  0051
ADC_INIT@ret_error                          cstackBANK0  0050
DIO_Read@GPIO                               cstackBANK0  004F
DIO_Read@data                               cstackBANK0  004B
DIO_Read@pins                               cstackBANK0  004A
DIO_Read@ret_error                          cstackBANK0  004E
DIO_Write@GPIO                              cstackBANK0  004F
DIO_Write@first_powerup                     bssBANK0     0038
DIO_Write@pins                              cstackBANK0  004A
DIO_Write@ret_error                         cstackBANK0  004E
DIO_Write@value                             cstackBANK0  004B
DIO_init@DIO_info                           cstackBANK0  004D
DIO_init@first_powerup_init                 bssBANK0     0039
DIO_init@ret_error                          cstackBANK0  004C
EEPROM_Read@Data                            cstackBANK0  004D
EEPROM_Read@add                             cstackBANK0  004B
EEPROM_Write@add                            cstackBANK0  004B
EEPROM_Write@data                           cstackBANK0  004D
I2C_Master_Init@baud                        cstackBANK0  0058
I2C_Master_Write@data                       cstackBANK0  004A
SOS_Create_Task@Function_Consumer           cstackBANK0  0051
SOS_Create_Task@ret                         cstackBANK0  0052
SOS_Create_Task@u16_Time_delay              cstackBANK0  004F
SOS_Create_Task@u8_Preodicity               cstackBANK0  004D
SOS_Create_Task@u8_function_index           cstackBANK0  004E
SOS_Init@ConfigPtr                          cstackBANK0  0056
SOS_Init@ret                                cstackBANK0  0055
SOS_Init@u8_channel_ID                      cstackBANK0  0054
SwDelay_ms@counter_21                       cstackBANK0  0053
SwDelay_ms@counter_256                      cstackBANK0  0052
SwDelay_ms@n                                cstackBANK0  004A
SwDelay_us@n                                cstackBANK0  004A
Task1@u8_Counter                            bssBANK0     0030
Task1@u8_Counter1                           bssBANK0     002F
Task2@EE_Data                               cstackBANK0  0062
Task2@adc_data                              bssBANK0     0026
Timer_Init@Timer_cfg                        cstackBANK0  0051
Timer_Init@ret_error                        cstackBANK0  0050
Timer_Start@Timer_CH_NO                     cstackBANK0  004E
Timer_Start@Timer_Count                     cstackBANK0  004A
Timer_Start@ret_error                       cstackBANK0  004F
_ACKDT                                      (abs)        048D
_ACKEN                                      (abs)        048C
_ACKSTAT                                    (abs)        048E
_ADC_Cnfiguration                           dataBANK1    00C6
_ADC_INIT                                   text32       0564
_ADC_INT                                    bssBANK0     0042
_ADC_READ                                   text29       0C0E
_Buffer_Array                               bssBANK3     0190
_DIO_Read                                   text37       0E79
_DIO_Write                                  text15       0376
_DIO_init                                   text17       01A2
_Dio_configutation_A_7_seg                  dataBANK0    0067
_Dio_configutation_A_ADC                    dataBANK1    00CB
_Dio_configutation_D                        dataBANK1    00CF
_EEPROM_Read                                text21       07B7
_EEPROM_Write                               text20       0B00
_I2C_Master_Init                            text18       0CC0
_I2C_Master_RepeatedStart                   text27       097F
_I2C_Master_Start                           text26       098D
_I2C_Master_Stop                            text25       099B
_I2C_Master_Wait                            text28       0972
_I2C_Master_Write                           text24       09FC
_I2C_NACK                                   text23       0966
_I2C_Read_Byte                              text22       0A13
_PEN                                        (abs)        048A
_Prescaler0                                 dataBANK0    0066
_Prescaler1                                 bssBANK0     0033
_RCEN                                       (abs)        048B
_RSEN                                       (abs)        0489
_SEN                                        (abs)        0488
_SOS_Create_Task                            text3        06E4
_SOS_Init                                   text2        04DA
_SOS_Run                                    text4        02B8
_SSPADD                                     (abs)        0093
_SSPBUF                                     (abs)        0013
_SSPCON                                     (abs)        0014
_SSPCON2                                    (abs)        0091
_SSPIF                                      (abs)        0063
_SSPSTAT                                    (abs)        0094
_Segments_Code                              dataBANK1    00A0
_SwDelay_ms                                 text31       0D3D
_SwDelay_us                                 text30       0A41
_TIMER0OVF_INT                              bssBANK0     003D
_TIMER1OVF_INT                              bssBANK0     003C
_TIMER2OVF_INT                              bssBANK0     003B
_TMU_Configuration                          strings      0806
_TRISC                                      (abs)        0087
_Task1                                      text7        0C49
_Task2                                      text6        0F34
_Task3                                      text8        0003
_Timer_Configuration0                       dataBANK1    00BC
_Timer_Configuration1_7_seg                 dataBANK1    00C1
_Timer_Configuration2_SOS                   dataBANK1    00B7
_Timer_Deinit_Configuration0                bssBANK1     00E7
_Timer_Init                                 text16       0078
_Timer_Start                                text12       0B68
__Habs1                                     abs1         0000
__Hbank0                                    bank0        0000
__Hbank1                                    bank1        0000
__Hbank2                                    bank2        0000
__Hbank3                                    bank3        0000
__HbssBANK0                                 bssBANK0     0000
__HbssBANK1                                 bssBANK1     0000
__HbssBANK3                                 bssBANK3     0000
__Hcinit                                    cinit        004E
__Hclrtext                                  clrtext      0000
__Hcode                                     code         0000
__Hcommon                                   common       0000
__HcstackBANK0                              cstackBANK0  0000
__HcstackBANK1                              cstackBANK1  0000
__HcstackCOMMON                             cstackCOMMON 0000
__HdataBANK0                                dataBANK0    0000
__HdataBANK1                                dataBANK1    0000
__Heeprom_data                              eeprom_data  0000
__Hend_init                                 end_init     0015
__Hfunctab                                  functab      0078
__HidataBANK0                               idataBANK0   0000
__HidataBANK1                               idataBANK1   0000
__Hinit                                     init         0012
__Hinittext                                 inittext     0000
__Hintentry                                 intentry     0012
__Hmaintext                                 maintext     0000
__Hpowerup                                  powerup      0000
__Hram                                      ram          0000
__Hreset_vec                                reset_vec    0003
__Hsfr0                                     sfr0         0000
__Hsfr1                                     sfr1         0000
__Hsfr2                                     sfr2         0000
__Hsfr3                                     sfr3         0000
__Hspace_0                                  (abs)        1000
__Hspace_1                                  (abs)        01B9
__Hspace_2                                  (abs)        0000
__Hspace_3                                  (abs)        0000
__Hstack                                    stack        0000
__Hstrings                                  strings      0000
__Htext                                     text         0000
__Labs1                                     abs1         0000
__Lbank0                                    bank0        0000
__Lbank1                                    bank1        0000
__Lbank2                                    bank2        0000
__Lbank3                                    bank3        0000
__LbssBANK0                                 bssBANK0     0000
__LbssBANK1                                 bssBANK1     0000
__LbssBANK3                                 bssBANK3     0000
__Lcinit                                    cinit        0015
__Lclrtext                                  clrtext      0000
__Lcode                                     code         0000
__Lcommon                                   common       0000
__LcstackBANK0                              cstackBANK0  0000
__LcstackBANK1                              cstackBANK1  0000
__LcstackCOMMON                             cstackCOMMON 0000
__LdataBANK0                                dataBANK0    0000
__LdataBANK1                                dataBANK1    0000
__Leeprom_data                              eeprom_data  0000
__Lend_init                                 end_init     0012
__Lfunctab                                  functab      004E
__LidataBANK0                               idataBANK0   0000
__LidataBANK1                               idataBANK1   0000
__Linit                                     init         0012
__Linittext                                 inittext     0000
__Lintentry                                 intentry     0004
__Lmaintext                                 maintext     0000
__Lpowerup                                  powerup      0000
__Lram                                      ram          0000
__Lreset_vec                                reset_vec    0000
__Lsfr0                                     sfr0         0000
__Lsfr1                                     sfr1         0000
__Lsfr2                                     sfr2         0000
__Lsfr3                                     sfr3         0000
__Lspace_0                                  (abs)        0000
__Lspace_1                                  (abs)        0000
__Lspace_2                                  (abs)        0000
__Lspace_3                                  (abs)        0000
__Lstack                                    stack        0000
__Lstrings                                  strings      0000
__Ltext                                     text         0000
__S0                                        (abs)        1000
__S1                                        (abs)        01B9
__S2                                        (abs)        0000
__S3                                        (abs)        0000
___awdiv                                    text11       074E
___awdiv@counter                            cstackBANK0  004E
___awdiv@dividend                           cstackBANK0  004C
___awdiv@divisor                            cstackBANK0  004A
___awdiv@quotient                           cstackBANK0  0050
___awdiv@sign                               cstackBANK0  004F
___awmod                                    text10       0E1E
___awmod@counter                            cstackBANK0  004E
___awmod@dividend                           cstackBANK0  004C
___awmod@divisor                            cstackBANK0  004A
___awmod@sign                               cstackBANK0  004F
___bmul                                     text5        0A2A
___bmul@multiplicand                        cstackBANK0  004A
___bmul@multiplier                          cstackBANK0  004C
___bmul@product                             cstackBANK0  004B
___int_sp                                   stack        0000
___latbits                                  (abs)        0002
___lldiv                                    text19       0F98
___lldiv@counter                            cstackBANK0  0057
___lldiv@dividend                           cstackBANK0  004E
___lldiv@divisor                            cstackBANK0  004A
___lldiv@quotient                           cstackBANK0  0053
___sp                                       stack        0000
___stackhi                                  (abs)        0000
___stacklo                                  (abs)        0000
__end_of_ADC_INIT                           text32       05EC
__end_of_ADC_READ                           text29       0C49
__end_of_DIO_Read                           text37       0ED6
__end_of_DIO_Write                          text15       0428
__end_of_DIO_init                           text17       02B8
__end_of_EEPROM_Read                        text21       0800
__end_of_EEPROM_Write                       text20       0B34
__end_of_I2C_Master_Init                    text18       0CFD
__end_of_I2C_Master_RepeatedStart           text27       098D
__end_of_I2C_Master_Start                   text26       099B
__end_of_I2C_Master_Stop                    text25       09A9
__end_of_I2C_Master_Wait                    text28       097F
__end_of_I2C_Master_Write                   text24       0A13
__end_of_I2C_NACK                           text23       0972
__end_of_I2C_Read_Byte                      text22       0A2A
__end_of_SOS_Create_Task                    text3        074E
__end_of_SOS_Init                           text2        0564
__end_of_SOS_Run                            text4        0376
__end_of_SwDelay_ms                         text31       0D7D
__end_of_SwDelay_us                         text30       0A69
__end_of_TMU_Configuration                  strings      0808
__end_of_Task1                              text7        0C84
__end_of_Task2                              text6        0F98
__end_of_Task3                              text8        0004
__end_of_Timer_Init                         text16       01A2
__end_of_Timer_Start                        text12       0B9D
__end_of___awdiv                            text11       07B7
__end_of___awmod                            text10       0E79
__end_of___bmul                             text5        0A41
__end_of___lldiv                            text19       1000
__end_of__fptable                           functab      0063
__end_of__i1fptable                         functab      0078
__end_of__initialization                    cinit        004A
__end_of__stringtab                         strings      0806
__end_of_adc_interrupt_routine              text46       09D7
__end_of_checkmyisr                         text38       0E1E
__end_of_clear_int_flag                     text47       0CC0
__end_of_global_int_enable                  text34       0966
__end_of_main                               maintext     09B7
__end_of_pushButtonGetStatus                text36       066B
__end_of_sevenSegDisable                    text14       0C0E
__end_of_sevenSegEnable                     text43       0DC7
__end_of_sevenSegInit                       text13       0B68
__end_of_sevenSegWrite                      text9        0F34
__end_of_seven_seg_POV                      text41       0A9A
__end_of_special_int_disable                text35       0D3D
__end_of_special_int_enable                 text33       06E4
__end_of_system_init                        text1        0BD5
__end_of_timer0_interrupt_ovfRoutine        text40       09C6
__end_of_timer1_interrupt_ovfRoutine        text39       09E9
__end_of_timer_interrupt                    text42       095B
__end_ofi1_DIO_Write                        text45       04DA
__end_ofi1_sevenSegDisable                  text44       0ACD
__fptable                                   functab      004E
__i1fptable                                 functab      0063
__initialization                            cinit        0015
__pbssBANK0                                 bssBANK0     0020
__pbssBANK1                                 bssBANK1     00D3
__pbssBANK3                                 bssBANK3     0190
__pcstackBANK0                              cstackBANK0  0046
__pcstackBANK1                              cstackBANK1  00EC
__pcstackCOMMON                             cstackCOMMON 0070
__pdataBANK0                                dataBANK0    0066
__pdataBANK1                                dataBANK1    00A0
__pfunctab                                  functab      004E
__pidataBANK0                               idataBANK0   0943
__pidataBANK1                               idataBANK1   0ACD
__pintentry                                 intentry     0004
__pmaintext                                 maintext     09A9
__pstrings                                  strings      0800
__ptext1                                    text1        0B9D
__ptext10                                   text10       0E1E
__ptext11                                   text11       074E
__ptext12                                   text12       0B68
__ptext13                                   text13       0B34
__ptext14                                   text14       0BD5
__ptext15                                   text15       0376
__ptext16                                   text16       0078
__ptext17                                   text17       01A2
__ptext18                                   text18       0CC0
__ptext19                                   text19       0F98
__ptext2                                    text2        04DA
__ptext20                                   text20       0B00
__ptext21                                   text21       07B7
__ptext22                                   text22       0A13
__ptext23                                   text23       0966
__ptext24                                   text24       09FC
__ptext25                                   text25       099B
__ptext26                                   text26       098D
__ptext27                                   text27       097F
__ptext28                                   text28       0972
__ptext29                                   text29       0C0E
__ptext3                                    text3        06E4
__ptext30                                   text30       0A41
__ptext31                                   text31       0D3D
__ptext32                                   text32       0564
__ptext33                                   text33       066B
__ptext34                                   text34       095B
__ptext35                                   text35       0CFD
__ptext36                                   text36       05EC
__ptext37                                   text37       0E79
__ptext38                                   text38       0DC7
__ptext39                                   text39       09D7
__ptext4                                    text4        02B8
__ptext40                                   text40       09B7
__ptext41                                   text41       0A69
__ptext42                                   text42       0950
__ptext43                                   text43       0D7D
__ptext44                                   text44       0A9A
__ptext45                                   text45       0428
__ptext46                                   text46       09C6
__ptext47                                   text47       0C84
__ptext5                                    text5        0A2A
__ptext6                                    text6        0F34
__ptext7                                    text7        0C49
__ptext8                                    text8        0003
__ptext9                                    text9        0ED6
__size_of_ADC_INIT                          (abs)        0000
__size_of_ADC_READ                          (abs)        0000
__size_of_DIO_Read                          (abs)        0000
__size_of_DIO_Write                         (abs)        0000
__size_of_DIO_init                          (abs)        0000
__size_of_EEPROM_Read                       (abs)        0000
__size_of_EEPROM_Write                      (abs)        0000
__size_of_I2C_Master_Init                   (abs)        0000
__size_of_I2C_Master_RepeatedStart          (abs)        0000
__size_of_I2C_Master_Start                  (abs)        0000
__size_of_I2C_Master_Stop                   (abs)        0000
__size_of_I2C_Master_Wait                   (abs)        0000
__size_of_I2C_Master_Write                  (abs)        0000
__size_of_I2C_NACK                          (abs)        0000
__size_of_I2C_Read_Byte                     (abs)        0000
__size_of_SOS_Create_Task                   (abs)        0000
__size_of_SOS_Init                          (abs)        0000
__size_of_SOS_Run                           (abs)        0000
__size_of_SwDelay_ms                        (abs)        0000
__size_of_SwDelay_us                        (abs)        0000
__size_of_Task1                             (abs)        0000
__size_of_Task2                             (abs)        0000
__size_of_Task3                             (abs)        0000
__size_of_Timer_Init                        (abs)        0000
__size_of_Timer_Start                       (abs)        0000
__size_of___awdiv                           (abs)        0000
__size_of___awmod                           (abs)        0000
__size_of___bmul                            (abs)        0000
__size_of___lldiv                           (abs)        0000
__size_of__fptable                          (abs)        0000
__size_of__i1fptable                        (abs)        0000
__size_of_adc_interrupt_routine             (abs)        0000
__size_of_checkmyisr                        (abs)        0000
__size_of_clear_int_flag                    (abs)        0000
__size_of_global_int_enable                 (abs)        0000
__size_of_main                              (abs)        0000
__size_of_pushButtonGetStatus               (abs)        0000
__size_of_sevenSegDisable                   (abs)        0000
__size_of_sevenSegEnable                    (abs)        0000
__size_of_sevenSegInit                      (abs)        0000
__size_of_sevenSegWrite                     (abs)        0000
__size_of_seven_seg_POV                     (abs)        0000
__size_of_special_int_disable               (abs)        0000
__size_of_special_int_enable                (abs)        0000
__size_of_system_init                       (abs)        0000
__size_of_timer0_interrupt_ovfRoutine       (abs)        0000
__size_of_timer1_interrupt_ovfRoutine       (abs)        0000
__size_of_timer_interrupt                   (abs)        0000
__size_ofi1_DIO_Write                       (abs)        0000
__size_ofi1_sevenSegDisable                 (abs)        0000
__stringbase                                strings      0805
__stringtab                                 strings      0800
_adc_interrupt_routine                      text46       09C6
_arr_display                                bssBANK0     002A
_checkmyisr                                 text38       0DC7
_clear_int_flag                             text47       0C84
_disp_counter                               bssBANK0     0040
_global_int_enable                          text34       095B
_is_init                                    bssBANK0     003A
_last_Ten_readings                          bssBANK3     01A5
_last_temp_reading                          bssBANK0     0028
_main                                       maintext     09A9
_ovf_counter                                bssBANK0     0041
_pushButtonGetStatus                        text36       05EC
_sevenSegDisable                            text14       0BD5
_sevenSegEnable                             text43       0D7D
_sevenSegInit                               text13       0B34
_sevenSegWrite                              text9        0ED6
_seven_seg_POV                              text41       0A69
_special_int_disable                        text35       0CFD
_special_int_enable                         text33       066B
_stu8_increment                             bssBANK0     0031
_system_init                                text1        0B9D
_timer0_interrupt_ovfRoutine                text40       09B7
_timer1_interrupt_ovfRoutine                text39       09D7
_timer_interrupt                            text42       0950
_u16_result_data                            bssBANK0     002C
_u8Excution_to_be_done                      bssBANK0     0034
_u8_FUN_index                               bssBANK0     0035
_u8_Is_Intialized                           bssBANK0     0036
_u8_timer2Count                             bssBANK0     0032
_u8global_int_enabled                       bssBANK0     003F
_u8prepheral_int_enabled                    bssBANK0     003E
btemp                                       (abs)        007E
clear_int_flag@ret_error                    cstackCOMMON 0072
clear_int_flag@u8_interrupt_prepherals      cstackCOMMON 0073
clear_ram0                                  clrtext      0948
end_of_initialization                       cinit        004A
fpbase                                      functab      0053
fptable                                     functab      004E
fptotal                                     (abs)        0006
i1DIO_Write@GPIO                            cstackCOMMON 0075
i1DIO_Write@pins                            cstackCOMMON 0070
i1DIO_Write@ret_error                       cstackCOMMON 0074
i1DIO_Write@value                           cstackCOMMON 0071
i1_DIO_Write                                text45       0428
i1_sevenSegDisable                          text44       0A9A
i1fpbase                                    functab      0068
i1fptable                                   functab      0063
i1fptotal                                   (abs)        000B
i1sevenSegDisable@en_segment_id             cstackCOMMON 0078
i1sevenSegDisable@ret                       cstackCOMMON 0079
init_fetch0                                 inittext     09E9
init_ram0                                   inittext     09ED
interrupt_function                          intentry     0004
intlevel0                                   functab      004E
intlevel1                                   functab      004E
intlevel2                                   functab      004E
intlevel3                                   functab      004E
intlevel4                                   functab      004E
intlevel5                                   functab      004E
pushButtonGetStatus@en_butotn_id            cstackBANK0  0052
pushButtonGetStatus@pushreturn              cstackBANK0  0053
pushButtonGetStatus@u8_Button_press         bssBANK0     0043
pushButtonGetStatus@u8_S_button_status      bssBANK0     0023
reset_vec                                   reset_vec    0000
saved_w                                     (abs)        007E
sevenSegDisable@en_segment_id               cstackBANK0  0052
sevenSegDisable@ret                         cstackBANK0  0053
sevenSegEnable@ret                          cstackCOMMON 007D
sevenSegEnable@segment_id                   cstackCOMMON 007C
sevenSegInit@ret                            cstackBANK0  0054
sevenSegWrite@ret                           cstackBANK0  0054
sevenSegWrite@u8_number                     cstackBANK0  0055
special_int_disable@ret_error               cstackBANK0  004D
special_int_disable@u8_interrupt_prepherals cstackBANK0  004C
special_int_enable@ret_error                cstackBANK0  004D
special_int_enable@u8_interrupt_prepherals  cstackBANK0  004C
start                                       init         0012
start_initialization                        cinit        0015
wtemp0                                      (abs)        007E


FUNCTION INFORMATION:

 *************** function _main *****************
 Defined at:
		line 19 in file "main.c"
 Parameters:    Size  Location     Type
		None
 Auto vars:     Size  Location     Type
		None
 Return value:  Size  Location     Type
                  1    wreg      void 
 Registers used:
		wreg, fsr0l, fsr0h, status,2, status,0, btemp+1, pclath, cstack
 Tracked objects:
		On entry : 
		On exit  : 
		Unchanged: 
 Data sizes:     COMMON   BANK0   BANK1   BANK3   BANK2
      Params:         0       0       0       0       0
      Locals:         0       0       0       0       0
      Temps:          0       0       0       0       0
      Totals:         0       0       0       0       0
Total ram usage:        0 bytes
 Hardware stack levels required when called:   11
 This function calls:
		_SOS_Run
		_system_init
 This function is called by:
		Startup code after reset
 This function uses a non-reentrant model


 *************** function _system_init *****************
 Defined at:
		line 9 in file "main.c"
 Parameters:    Size  Location     Type
		None
 Auto vars:     Size  Location     Type
  ret             1    0        unsigned char 
 Return value:  Size  Location     Type
                  1    wreg      void 
 Registers used:
		wreg, fsr0l, fsr0h, status,2, status,0, btemp+1, pclath, cstack
 Tracked objects:
		On entry : 
		On exit  : 
		Unchanged: 
 Data sizes:     COMMON   BANK0   BANK1   BANK3   BANK2
      Params:         0       0       0       0       0
      Locals:         0       1       0       0       0
      Temps:          0       0       0       0       0
      Totals:         0       1       0       0       0
Total ram usage:        1 bytes
 Hardware stack levels used:    1
 Hardware stack levels required when called:    9
 This function calls:
		_SOS_Create_Task
		_SOS_Init
 This function is called by:
		_main
 This function uses a non-reentrant model


 *************** function _SOS_Init *****************
 Defined at:
		line 25 in file "SOS.c"
 Parameters:    Size  Location     Type
  ConfigPtr       1    wreg     PTR const struct TMU_Con
		 -> TMU_Configuration(2), 
 Auto vars:     Size  Location     Type
  ConfigPtr       1   16[BANK0 ] PTR const struct TMU_Con
		 -> TMU_Configuration(2), 
  ret             1   15[BANK0 ] unsigned char 
  u8_channel_I    1   14[BANK0 ] unsigned char 
 Return value:  Size  Location     Type
                  1    wreg      unsigned char 
 Registers used:
		wreg, fsr0l, fsr0h, status,2, status,0, btemp+1, pclath, cstack
 Tracked objects:
		On entry : 
		On exit  : 
		Unchanged: 
 Data sizes:     COMMON   BANK0   BANK1   BANK3   BANK2
      Params:         0       0       0       0       0
      Locals:         0       3       0       0       0
      Temps:          0       2       0       0       0
      Totals:         0       5       0       0       0
Total ram usage:        5 bytes
 Hardware stack levels used:    1
 Hardware stack levels required when called:    8
 This function calls:
		_Timer_Init
		_Timer_Start
 This function is called by:
		_system_init
 This function uses a non-reentrant model


 *************** function _SOS_Create_Task *****************
 Defined at:
		line 113 in file "SOS.c"
 Parameters:    Size  Location     Type
  Function_Con    1    wreg     PTR FTN()void 
		 -> Task3(1), Task2(1), Task1(1), 
  u8_Preodicit    1    7[BANK0 ] unsigned char 
  u8_function_    1    8[BANK0 ] unsigned char 
  u16_Time_del    2    9[BANK0 ] unsigned int 
 Auto vars:     Size  Location     Type
  Function_Con    1   11[BANK0 ] PTR FTN()void 
		 -> Task3(1), Task2(1), Task1(1), 
  ret             1   12[BANK0 ] unsigned char 
 Return value:  Size  Location     Type
                  1    wreg      unsigned char 
 Registers used:
		wreg, fsr0l, fsr0h, status,2, status,0, btemp+1, pclath, cstack
 Tracked objects:
		On entry : 
		On exit  : 
		Unchanged: 
 Data sizes:     COMMON   BANK0   BANK1   BANK3   BANK2
      Params:         0       4       0       0       0
      Locals:         0       2       0       0       0
      Temps:          0       0       0       0       0
      Totals:         0       6       0       0       0
Total ram usage:        6 bytes
 Hardware stack levels used:    1
 Hardware stack levels required when called:    6
 This function calls:
		___bmul
 This function is called by:
		_system_init
 This function uses a non-reentrant model


 *************** function _SOS_Run *****************
 Defined at:
		line 139 in file "SOS.c"
 Parameters:    Size  Location     Type
		None
 Auto vars:     Size  Location     Type
  ret             1    0        unsigned char 
 Return value:  Size  Location     Type
                  1    wreg      unsigned char 
 Registers used:
		wreg, fsr0l, fsr0h, status,2, status,0, btemp+1, pclath, cstack
 Tracked objects:
		On entry : 
		On exit  : 
		Unchanged: 
 Data sizes:     COMMON   BANK0   BANK1   BANK3   BANK2
      Params:         0       0       0       0       0
      Locals:         0       1       0       0       0
      Temps:          0       0       4       0       0
      Totals:         0       1       4       0       0
Total ram usage:        5 bytes
 Hardware stack levels used:    1
 Hardware stack levels required when called:   10
 This function calls:
		_Task1
		_Task2
		_Task3
		___bmul
 This function is called by:
		_main
 This function uses a non-reentrant model


 *************** function ___bmul *****************
 Defined at:
		line 4 in file "C:\Program Files\Microchip\xc8\v2.20\pic\sources\c90\common\Umul8.c"
 Parameters:    Size  Location     Type
  multiplier      1    wreg     unsigned char 
  multiplicand    1    4[BANK0 ] unsigned char 
 Auto vars:     Size  Location     Type
  multiplier      1    6[BANK0 ] unsigned char 
  product         1    5[BANK0 ] unsigned char 
 Return value:  Size  Location     Type
                  1    wreg      unsigned char 
 Registers used:
		wreg, status,2, status,0, btemp+1
 Tracked objects:
		On entry : 
		On exit  : 
		Unchanged: 
 Data sizes:     COMMON   BANK0   BANK1   BANK3   BANK2
      Params:         0       1       0       0       0
      Locals:         0       2       0       0       0
      Temps:          0       0       0       0       0
      Totals:         0       3       0       0       0
Total ram usage:        3 bytes
 Hardware stack levels used:    1
 Hardware stack levels required when called:    5
 This function calls:
		Nothing
 This function is called by:
		_SOS_Create_Task
		_SOS_Run
		_TMU_Stop_Timer
 This function uses a non-reentrant model


 *************** function _Task2 *****************
 Defined at:
		line 33 in file "tasks.c"
 Parameters:    Size  Location     Type
		None
 Auto vars:     Size  Location     Type
  EE_Address      1    0        unsigned char 
  ret             1    0        unsigned char 
  EE_Data         1   28[BANK0 ] unsigned char 
 Return value:  Size  Location     Type
                  1    wreg      void 
 Registers used:
		wreg, fsr0l, fsr0h, status,2, status,0, btemp+1, pclath, cstack
 Tracked objects:
		On entry : 
		On exit  : 
		Unchanged: 
 Data sizes:     COMMON   BANK0   BANK1   BANK3   BANK2
      Params:         0       0       0       0       0
      Locals:         0       3       0       0       0
      Temps:          0       2       0       0       0
      Totals:         0       5       0       0       0
Total ram usage:        5 bytes
 Hardware stack levels used:    1
 Hardware stack levels required when called:    9
 This function calls:
		_ADC_INIT
		_ADC_READ
		_DIO_init
		_EEPROM_Read
		_EEPROM_Write
		_I2C_Master_Init
		_sevenSegInit
		_sevenSegWrite
 This function is called by:
		_system_init
		_SOS_Run
 This function uses a non-reentrant model


 *************** function _Task1 *****************
 Defined at:
		line 5 in file "tasks.c"
 Parameters:    Size  Location     Type
		None
 Auto vars:     Size  Location     Type
		None
 Return value:  Size  Location     Type
                  1    wreg      void 
 Registers used:
		wreg, fsr0l, fsr0h, status,2, status,0, btemp+1, pclath, cstack
 Tracked objects:
		On entry : 
		On exit  : 
		Unchanged: 
 Data sizes:     COMMON   BANK0   BANK1   BANK3   BANK2
      Params:         0       0       0       0       0
      Locals:         0       0       0       0       0
      Temps:          0       0       0       0       0
      Totals:         0       0       0       0       0
Total ram usage:        0 bytes
 Hardware stack levels used:    1
 Hardware stack levels required when called:    7
 This function calls:
		_pushButtonGetStatus
 This function is called by:
		_system_init
		_SOS_Run
 This function uses a non-reentrant model


 *************** function _Task3 *****************
 Defined at:
		line 56 in file "tasks.c"
 Parameters:    Size  Location     Type
		None
 Auto vars:     Size  Location     Type
		None
 Return value:  Size  Location     Type
                  1    wreg      void 
 Registers used:
		None
 Tracked objects:
		On entry : 
		On exit  : 
		Unchanged: 
 Data sizes:     COMMON   BANK0   BANK1   BANK3   BANK2
      Params:         0       0       0       0       0
      Locals:         0       0       0       0       0
      Temps:          0       0       0       0       0
      Totals:         0       0       0       0       0
Total ram usage:        0 bytes
 Hardware stack levels used:    1
 Hardware stack levels required when called:    5
 This function calls:
		Nothing
 This function is called by:
		_system_init
		_SOS_Run
 This function uses a non-reentrant model


 *************** function _sevenSegWrite *****************
 Defined at:
		line 87 in file "seven_segment.c"
 Parameters:    Size  Location     Type
  u8_number       1    wreg     unsigned char 
 Auto vars:     Size  Location     Type
  u8_number       1   15[BANK0 ] unsigned char 
  ret             1   14[BANK0 ] unsigned char 
 Return value:  Size  Location     Type
                  1    wreg      unsigned char 
 Registers used:
		wreg, fsr0l, fsr0h, status,2, status,0, btemp+1, pclath, cstack
 Tracked objects:
		On entry : 
		On exit  : 
		Unchanged: 
 Data sizes:     COMMON   BANK0   BANK1   BANK3   BANK2
      Params:         0       0       0       0       0
      Locals:         0       2       0       0       0
      Temps:          0       2       0       0       0
      Totals:         0       4       0       0       0
Total ram usage:        4 bytes
 Hardware stack levels used:    1
 Hardware stack levels required when called:    6
 This function calls:
		_Timer_Start
		___awdiv
		___awmod
 This function is called by:
		_Task2
 This function uses a non-reentrant model


 *************** function ___awmod *****************
 Defined at:
		line 5 in file "C:\Program Files\Microchip\xc8\v2.20\pic\sources\c90\common\awmod.c"
 Parameters:    Size  Location     Type
  divisor         2    4[BANK0 ] int 
  dividend        2    6[BANK0 ] int 
 Auto vars:     Size  Location     Type
  sign            1    9[BANK0 ] unsigned char 
  counter         1    8[BANK0 ] unsigned char 
 Return value:  Size  Location     Type
                  2    4[BANK0 ] int 
 Registers used:
		wreg, status,2, status,0, btemp+1
 Tracked objects:
		On entry : 
		On exit  : 
		Unchanged: 
 Data sizes:     COMMON   BANK0   BANK1   BANK3   BANK2
      Params:         0       4       0       0       0
      Locals:         0       2       0       0       0
      Temps:          0       0       0       0       0
      Totals:         0       6       0       0       0
Total ram usage:        6 bytes
 Hardware stack levels used:    1
 Hardware stack levels required when called:    5
 This function calls:
		Nothing
 This function is called by:
		_sevenSegWrite
 This function uses a non-reentrant model


 *************** function ___awdiv *****************
 Defined at:
		line 5 in file "C:\Program Files\Microchip\xc8\v2.20\pic\sources\c90\common\awdiv.c"
 Parameters:    Size  Location     Type
  divisor         2    4[BANK0 ] int 
  dividend        2    6[BANK0 ] int 
 Auto vars:     Size  Location     Type
  quotient        2   10[BANK0 ] int 
  sign            1    9[BANK0 ] unsigned char 
  counter         1    8[BANK0 ] unsigned char 
 Return value:  Size  Location     Type
                  2    4[BANK0 ] int 
 Registers used:
		wreg, status,2, status,0, btemp+1
 Tracked objects:
		On entry : 
		On exit  : 
		Unchanged: 
 Data sizes:     COMMON   BANK0   BANK1   BANK3   BANK2
      Params:         0       4       0       0       0
      Locals:         0       4       0       0       0
      Temps:          0       0       0       0       0
      Totals:         0       8       0       0       0
Total ram usage:        8 bytes
 Hardware stack levels used:    1
 Hardware stack levels required when called:    5
 This function calls:
		Nothing
 This function is called by:
		_sevenSegWrite
 This function uses a non-reentrant model


 *************** function _Timer_Start *****************
 Defined at:
		line 148 in file "Timer.c"
 Parameters:    Size  Location     Type
  Timer_CH_NO     1    wreg     unsigned char 
  Timer_Count     2    4[BANK0 ] unsigned int 
 Auto vars:     Size  Location     Type
  Timer_CH_NO     1    8[BANK0 ] unsigned char 
  ret_error       1    9[BANK0 ] unsigned char 
 Return value:  Size  Location     Type
                  1    wreg      unsigned char 
 Registers used:
		wreg, fsr0l, fsr0h, status,2, status,0, btemp+1
 Tracked objects:
		On entry : 
		On exit  : 
		Unchanged: 
 Data sizes:     COMMON   BANK0   BANK1   BANK3   BANK2
      Params:         0       2       0       0       0
      Locals:         0       2       0       0       0
      Temps:          0       2       0       0       0
      Totals:         0       6       0       0       0
Total ram usage:        6 bytes
 Hardware stack levels used:    1
 Hardware stack levels required when called:    5
 This function calls:
		Nothing
 This function is called by:
		_sevenSegWrite
		_SOS_Init
 This function uses a non-reentrant model


 *************** function _sevenSegInit *****************
 Defined at:
		line 10 in file "seven_segment.c"
 Parameters:    Size  Location     Type
		None
 Auto vars:     Size  Location     Type
  ret             1   14[BANK0 ] unsigned char 
 Return value:  Size  Location     Type
                  1    wreg      unsigned char 
 Registers used:
		wreg, fsr0l, fsr0h, status,2, status,0, btemp+1, pclath, cstack
 Tracked objects:
		On entry : 
		On exit  : 
		Unchanged: 
 Data sizes:     COMMON   BANK0   BANK1   BANK3   BANK2
      Params:         0       0       0       0       0
      Locals:         0       1       0       0       0
      Temps:          0       0       0       0       0
      Totals:         0       1       0       0       0
Total ram usage:        1 bytes
 Hardware stack levels used:    1
 Hardware stack levels required when called:    8
 This function calls:
		_DIO_init
		_Timer_Init
		_sevenSegDisable
 This function is called by:
		_Task2
 This function uses a non-reentrant model


 *************** function _sevenSegDisable *****************
 Defined at:
		line 67 in file "seven_segment.c"
 Parameters:    Size  Location     Type
  en_segment_i    1    wreg     enum E96
 Auto vars:     Size  Location     Type
  en_segment_i    1   12[BANK0 ] enum E96
  ret             1   13[BANK0 ] unsigned char 
 Return value:  Size  Location     Type
                  1    wreg      unsigned char 
 Registers used:
		wreg, fsr0l, fsr0h, status,2, status,0, btemp+1, pclath, cstack
 Tracked objects:
		On entry : 
		On exit  : 
		Unchanged: 
 Data sizes:     COMMON   BANK0   BANK1   BANK3   BANK2
      Params:         0       0       0       0       0
      Locals:         0       2       0       0       0
      Temps:          0       2       0       0       0
      Totals:         0       4       0       0       0
Total ram usage:        4 bytes
 Hardware stack levels used:    1
 Hardware stack levels required when called:    6
 This function calls:
		_DIO_Write
 This function is called by:
		_sevenSegInit
 This function uses a non-reentrant model


 *************** function _DIO_Write *****************
 Defined at:
		line 132 in file "DIO.c"
 Parameters:    Size  Location     Type
  GPIO            1    wreg     unsigned char 
  pins            1    4[BANK0 ] unsigned char 
  value           1    5[BANK0 ] unsigned char 
 Auto vars:     Size  Location     Type
  GPIO            1    9[BANK0 ] unsigned char 
  ret_error       1    8[BANK0 ] unsigned char 
 Return value:  Size  Location     Type
                  1    wreg      unsigned char 
 Registers used:
		wreg, fsr0l, fsr0h, status,2, status,0, btemp+1
 Tracked objects:
		On entry : 
		On exit  : 
		Unchanged: 
 Data sizes:     COMMON   BANK0   BANK1   BANK3   BANK2
      Params:         0       2       0       0       0
      Locals:         0       2       0       0       0
      Temps:          0       2       0       0       0
      Totals:         0       6       0       0       0
Total ram usage:        6 bytes
 Hardware stack levels used:    1
 Hardware stack levels required when called:    5
 This function calls:
		Nothing
 This function is called by:
		_sevenSegDisable
 This function uses a non-reentrant model


 *************** function _Timer_Init *****************
 Defined at:
		line 19 in file "Timer.c"
 Parameters:    Size  Location     Type
  Timer_cfg       1    wreg     PTR struct Timer_cfg_s
		 -> Timer_Deinit_Configuration0(5), Timer_Configuration2_SOS(5), Timer_Configuration0(5), Timer_Configuration1_7_seg(5), 
 Auto vars:     Size  Location     Type
  Timer_cfg       1   11[BANK0 ] PTR struct Timer_cfg_s
		 -> Timer_Deinit_Configuration0(5), Timer_Configuration2_SOS(5), Timer_Configuration0(5), Timer_Configuration1_7_seg(5), 
  ret_error       1   10[BANK0 ] unsigned char 
 Return value:  Size  Location     Type
                  1    wreg      unsigned char 
 Registers used:
		wreg, fsr0l, fsr0h, status,2, status,0, btemp+1, pclath, cstack
 Tracked objects:
		On entry : 
		On exit  : 
		Unchanged: 
 Data sizes:     COMMON   BANK0   BANK1   BANK3   BANK2
      Params:         0       0       0       0       0
      Locals:         0       2       0       0       0
      Temps:          0       2       0       0       0
      Totals:         0       4       0       0       0
Total ram usage:        4 bytes
 Hardware stack levels used:    1
 Hardware stack levels required when called:    7
 This function calls:
		_special_int_disable
		_special_int_enable
 This function is called by:
		_sevenSegInit
		_SOS_Init
		_TMU_DeInit
 This function uses a non-reentrant model


 *************** function _DIO_init *****************
 Defined at:
		line 11 in file "DIO.c"
 Parameters:    Size  Location     Type
  DIO_info        1    wreg     PTR struct DIO_Cfg_s
		 -> Dio_configutation_A_ADC(4), Dio_configutation_D(4), Dio_configutation_A_7_seg(4), 
 Auto vars:     Size  Location     Type
  DIO_info        1    7[BANK0 ] PTR struct DIO_Cfg_s
		 -> Dio_configutation_A_ADC(4), Dio_configutation_D(4), Dio_configutation_A_7_seg(4), 
  ret_error       1    6[BANK0 ] unsigned char 
 Return value:  Size  Location     Type
                  1    wreg      unsigned char 
 Registers used:
		wreg, fsr0l, fsr0h, status,2, status,0, btemp+1
 Tracked objects:
		On entry : 
		On exit  : 
		Unchanged: 
 Data sizes:     COMMON   BANK0   BANK1   BANK3   BANK2
      Params:         0       0       0       0       0
      Locals:         0       2       0       0       0
      Temps:          0       2       0       0       0
      Totals:         0       4       0       0       0
Total ram usage:        4 bytes
 Hardware stack levels used:    1
 Hardware stack levels required when called:    5
 This function calls:
		Nothing
 This function is called by:
		_sevenSegInit
		_Task2
 This function uses a non-reentrant model


 *************** function _I2C_Master_Init *****************
 Defined at:
		line 8 in file "i2c_EEPROM.c"
 Parameters:    Size  Location     Type
  baud            4   18[BANK0 ] const unsigned long 
 Auto vars:     Size  Location     Type
		None
 Return value:  Size  Location     Type
                  1    wreg      void 
 Registers used:
		wreg, status,2, status,0, btemp+1, pclath, cstack
 Tracked objects:
		On entry : 
		On exit  : 
		Unchanged: 
 Data sizes:     COMMON   BANK0   BANK1   BANK3   BANK2
      Params:         0       4       0       0       0
      Locals:         0       0       0       0       0
      Temps:          0       4       0       0       0
      Totals:         0       8       0       0       0
Total ram usage:        8 bytes
 Hardware stack levels used:    1
 Hardware stack levels required when called:    6
 This function calls:
		___lldiv
 This function is called by:
		_Task2
 This function uses a non-reentrant model


 *************** function ___lldiv *****************
 Defined at:
		line 5 in file "C:\Program Files\Microchip\xc8\v2.20\pic\sources\c90\common\__lldiv.c"
 Parameters:    Size  Location     Type
  divisor         4    4[BANK0 ] unsigned long 
  dividend        4    8[BANK0 ] unsigned long 
 Auto vars:     Size  Location     Type
  quotient        4   13[BANK0 ] unsigned long 
  counter         1   17[BANK0 ] unsigned char 
 Return value:  Size  Location     Type
                  4    4[BANK0 ] unsigned long 
 Registers used:
		wreg, status,2, status,0, btemp+1
 Tracked objects:
		On entry : 
		On exit  : 
		Unchanged: 
 Data sizes:     COMMON   BANK0   BANK1   BANK3   BANK2
      Params:         0       8       0       0       0
      Locals:         0       5       0       0       0
      Temps:          0       1       0       0       0
      Totals:         0      14       0       0       0
Total ram usage:       14 bytes
 Hardware stack levels used:    1
 Hardware stack levels required when called:    5
 This function calls:
		Nothing
 This function is called by:
		_I2C_Master_Init
 This function uses a non-reentrant model


 *************** function _EEPROM_Write *****************
 Defined at:
		line 72 in file "i2c_EEPROM.c"
 Parameters:    Size  Location     Type
  add             2    5[BANK0 ] unsigned int 
  data            1    7[BANK0 ] unsigned char 
 Auto vars:     Size  Location     Type
		None
 Return value:  Size  Location     Type
                  1    wreg      void 
 Registers used:
		wreg, status,2, status,0, btemp+1, pclath, cstack
 Tracked objects:
		On entry : 
		On exit  : 
		Unchanged: 
 Data sizes:     COMMON   BANK0   BANK1   BANK3   BANK2
      Params:         0       3       0       0       0
      Locals:         0       0       0       0       0
      Temps:          0       0       0       0       0
      Totals:         0       3       0       0       0
Total ram usage:        3 bytes
 Hardware stack levels used:    1
 Hardware stack levels required when called:    7
 This function calls:
		_I2C_Master_RepeatedStart
		_I2C_Master_Start
		_I2C_Master_Stop
		_I2C_Master_Write
 This function is called by:
		_Task2
 This function uses a non-reentrant model


 *************** function _EEPROM_Read *****************
 Defined at:
		line 99 in file "i2c_EEPROM.c"
 Parameters:    Size  Location     Type
  add             2    5[BANK0 ] unsigned int 
 Auto vars:     Size  Location     Type
  Data            1    7[BANK0 ] unsigned char 
 Return value:  Size  Location     Type
                  1    wreg      unsigned char 
 Registers used:
		wreg, status,2, status,0, btemp+1, pclath, cstack
 Tracked objects:
		On entry : 
		On exit  : 
		Unchanged: 
 Data sizes:     COMMON   BANK0   BANK1   BANK3   BANK2
      Params:         0       2       0       0       0
      Locals:         0       1       0       0       0
      Temps:          0       0       0       0       0
      Totals:         0       3       0       0       0
Total ram usage:        3 bytes
 Hardware stack levels used:    1
 Hardware stack levels required when called:    7
 This function calls:
		_I2C_Master_RepeatedStart
		_I2C_Master_Start
		_I2C_Master_Stop
		_I2C_Master_Write
		_I2C_NACK
		_I2C_Read_Byte
 This function is called by:
		_Task2
 This function uses a non-reentrant model


 *************** function _I2C_Read_Byte *****************
 Defined at:
		line 45 in file "i2c_EEPROM.c"
 Parameters:    Size  Location     Type
		None
 Auto vars:     Size  Location     Type
		None
 Return value:  Size  Location     Type
                  1    wreg      unsigned char 
 Registers used:
		wreg, status,2, status,0, pclath, cstack
 Tracked objects:
		On entry : 
		On exit  : 
		Unchanged: 
 Data sizes:     COMMON   BANK0   BANK1   BANK3   BANK2
      Params:         0       0       0       0       0
      Locals:         0       0       0       0       0
      Temps:          0       0       0       0       0
      Totals:         0       0       0       0       0
Total ram usage:        0 bytes
 Hardware stack levels used:    1
 Hardware stack levels required when called:    6
 This function calls:
		_I2C_Master_Wait
 This function is called by:
		_EEPROM_Read
		_EEPROM_Read_Page
 This function uses a non-reentrant model


 *************** function _I2C_NACK *****************
 Defined at:
		line 61 in file "i2c_EEPROM.c"
 Parameters:    Size  Location     Type
		None
 Auto vars:     Size  Location     Type
		None
 Return value:  Size  Location     Type
                  1    wreg      void 
 Registers used:
		wreg, status,2, status,0, pclath, cstack
 Tracked objects:
		On entry : 
		On exit  : 
		Unchanged: 
 Data sizes:     COMMON   BANK0   BANK1   BANK3   BANK2
      Params:         0       0       0       0       0
      Locals:         0       0       0       0       0
      Temps:          0       0       0       0       0
      Totals:         0       0       0       0       0
Total ram usage:        0 bytes
 Hardware stack levels used:    1
 Hardware stack levels required when called:    6
 This function calls:
		_I2C_Master_Wait
 This function is called by:
		_EEPROM_Read
 This function uses a non-reentrant model


 *************** function _I2C_Master_Write *****************
 Defined at:
		line 37 in file "i2c_EEPROM.c"
 Parameters:    Size  Location     Type
  data            1    wreg     unsigned char 
 Auto vars:     Size  Location     Type
  data            1    4[BANK0 ] unsigned char 
 Return value:  Size  Location     Type
                  1    wreg      unsigned char 
 Registers used:
		wreg, status,2, status,0, pclath, cstack
 Tracked objects:
		On entry : 
		On exit  : 
		Unchanged: 
 Data sizes:     COMMON   BANK0   BANK1   BANK3   BANK2
      Params:         0       0       0       0       0
      Locals:         0       1       0       0       0
      Temps:          0       0       0       0       0
      Totals:         0       1       0       0       0
Total ram usage:        1 bytes
 Hardware stack levels used:    1
 Hardware stack levels required when called:    6
 This function calls:
		_I2C_Master_Wait
 This function is called by:
		_EEPROM_Write
		_EEPROM_Read
		_EEPROM_Write_Page
		_EEPROM_Read_Page
 This function uses a non-reentrant model


 *************** function _I2C_Master_Stop *****************
 Defined at:
		line 31 in file "i2c_EEPROM.c"
 Parameters:    Size  Location     Type
		None
 Auto vars:     Size  Location     Type
		None
 Return value:  Size  Location     Type
                  1    wreg      void 
 Registers used:
		wreg, status,2, status,0, btemp+1, pclath, cstack
 Tracked objects:
		On entry : 
		On exit  : 
		Unchanged: 
 Data sizes:     COMMON   BANK0   BANK1   BANK3   BANK2
      Params:         0       0       0       0       0
      Locals:         0       0       0       0       0
      Temps:          0       0       0       0       0
      Totals:         0       0       0       0       0
Total ram usage:        0 bytes
 Hardware stack levels used:    1
 Hardware stack levels required when called:    6
 This function calls:
		_I2C_Master_Wait
 This function is called by:
		_EEPROM_Write
		_EEPROM_Read
		_EEPROM_Write_Page
		_EEPROM_Read_Page
 This function uses a non-reentrant model


 *************** function _I2C_Master_Start *****************
 Defined at:
		line 21 in file "i2c_EEPROM.c"
 Parameters:    Size  Location     Type
		None
 Auto vars:     Size  Location     Type
		None
 Return value:  Size  Location     Type
                  1    wreg      void 
 Registers used:
		wreg, status,2, status,0, btemp+1, pclath, cstack
 Tracked objects:
		On entry : 
		On exit  : 
		Unchanged: 
 Data sizes:     COMMON   BANK0   BANK1   BANK3   BANK2
      Params:         0       0       0       0       0
      Locals:         0       0       0       0       0
      Temps:          0       0       0       0       0
      Totals:         0       0       0       0       0
Total ram usage:        0 bytes
 Hardware stack levels used:    1
 Hardware stack levels required when called:    6
 This function calls:
		_I2C_Master_Wait
 This function is called by:
		_EEPROM_Write
		_EEPROM_Read
		_EEPROM_Write_Page
		_EEPROM_Read_Page
 This function uses a non-reentrant model


 *************** function _I2C_Master_RepeatedStart *****************
 Defined at:
		line 26 in file "i2c_EEPROM.c"
 Parameters:    Size  Location     Type
		None
 Auto vars:     Size  Location     Type
		None
 Return value:  Size  Location     Type
                  1    wreg      void 
 Registers used:
		wreg, status,2, status,0, btemp+1, pclath, cstack
 Tracked objects:
		On entry : 
		On exit  : 
		Unchanged: 
 Data sizes:     COMMON   BANK0   BANK1   BANK3   BANK2
      Params:         0       0       0       0       0
      Locals:         0       0       0       0       0
      Temps:          0       0       0       0       0
      Totals:         0       0       0       0       0
Total ram usage:        0 bytes
 Hardware stack levels used:    1
 Hardware stack levels required when called:    6
 This function calls:
		_I2C_Master_Wait
 This function is called by:
		_EEPROM_Write
		_EEPROM_Read
		_EEPROM_Write_Page
		_EEPROM_Read_Page
 This function uses a non-reentrant model


 *************** function _I2C_Master_Wait *****************
 Defined at:
		line 17 in file "i2c_EEPROM.c"
 Parameters:    Size  Location     Type
		None
 Auto vars:     Size  Location     Type
		None
 Return value:  Size  Location     Type
                  1    wreg      void 
 Registers used:
		wreg, status,2
 Tracked objects:
		On entry : 
		On exit  : 
		Unchanged: 
 Data sizes:     COMMON   BANK0   BANK1   BANK3   BANK2
      Params:         0       0       0       0       0
      Locals:         0       0       0       0       0
      Temps:          0       0       0       0       0
      Totals:         0       0       0       0       0
Total ram usage:        0 bytes
 Hardware stack levels used:    1
 Hardware stack levels required when called:    5
 This function calls:
		Nothing
 This function is called by:
		_I2C_Master_Start
		_I2C_Master_RepeatedStart
		_I2C_Master_Stop
		_I2C_Master_Write
		_I2C_Read_Byte
		_I2C_NACK
		_I2C_ACK
[...]
  ADC_info        1   11[BANK0 ] PTR struct ADC_Cfg_s
		 -> ADC_Cnfiguration(5), 
  ret_error       1   10[BANK0 ] unsigned char 
 Return value:  Size  Location     Type
                  1    wreg      unsigned char 
 Registers used:
		wreg, fsr0l, fsr0h, status,2, status,0, btemp+1, pclath, cstack
 Tracked objects:
		On entry : 
		On exit  : 
		Unchanged: 
 Data sizes:     COMMON   BANK0   BANK1   BANK3   BANK2
      Params:         0       0       0       0       0
      Locals:         0       2       0       0       0
      Temps:          0       2       0       0       0
      Totals:         0       4       0       0       0
Total ram usage:        4 bytes
 Hardware stack levels used:    1
 Hardware stack levels required when called:    7
 This function calls:
		_special_int_disable
		_special_int_enable
 This function is called by:
		_Task2
 This function uses a non-reentrant model


 *************** function _special_int_enable *****************
 Defined at:
		line 35 in file "interrupts.c"
 Parameters:    Size  Location     Type
  u8_interrupt    1    wreg     unsigned char 
 Auto vars:     Size  Location     Type
  u8_interrupt    1    6[BANK0 ] unsigned char 
  ret_error       1    7[BANK0 ] unsigned char 
 Return value:  Size  Location     Type
                  1    wreg      unsigned char 
 Registers used:
		wreg, fsr0l, fsr0h, status,2, status,0, btemp+1, pclath, cstack
 Tracked objects:
		On entry : 
		On exit  : 
		Unchanged: 
 Data sizes:     COMMON   BANK0   BANK1   BANK3   BANK2
      Params:         0       0       0       0       0
      Locals:         0       2       0       0       0
      Temps:          0       2       0       0       0
      Totals:         0       4       0       0       0
Total ram usage:        4 bytes
 Hardware stack levels used:    1
 Hardware stack levels required when called:    6
 This function calls:
		_global_int_enable
 This function is called by:
		_ADC_INIT
		_Timer_Init
 This function uses a non-reentrant model


 *************** function _global_int_enable *****************
 Defined at:
		line 169 in file "interrupts.c"
 Parameters:    Size  Location     Type
		None
 Auto vars:     Size  Location     Type
		None
 Return value:  Size  Location     Type
                  1    wreg      void 
 Registers used:
		wreg, status,2, status,0
 Tracked objects:
		On entry : 
		On exit  : 
		Unchanged: 
 Data sizes:     COMMON   BANK0   BANK1   BANK3   BANK2
      Params:         0       0       0       0       0
      Locals:         0       0       0       0       0
      Temps:          0       0       0       0       0
      Totals:         0       0       0       0       0
Total ram usage:        0 bytes
 Hardware stack levels used:    1
 Hardware stack levels required when called:    5
 This function calls:
		Nothing
 This function is called by:
		_special_int_enable
 This function uses a non-reentrant model


 *************** function _special_int_disable *****************
 Defined at:
		line 89 in file "interrupts.c"
 Parameters:    Size  Location     Type
  u8_interrupt    1    wreg     unsigned char 
 Auto vars:     Size  Location     Type
  u8_interrupt    1    6[BANK0 ] unsigned char 
  ret_error       1    7[BANK0 ] unsigned char 
 Return value:  Size  Location     Type
                  1    wreg      unsigned char 
 Registers used:
		wreg, fsr0l, fsr0h, status,2, status,0, btemp+1
 Tracked objects:
		On entry : 
		On exit  : 
		Unchanged: 
 Data sizes:     COMMON   BANK0   BANK1   BANK3   BANK2
      Params:         0       0       0       0       0
      Locals:         0       2       0       0       0
      Temps:          0       2       0       0       0
      Totals:         0       4       0       0       0
Total ram usage:        4 bytes
 Hardware stack levels used:    1
 Hardware stack levels required when called:    5
 This function calls:
		Nothing
 This function is called by:
		_ADC_INIT
		_Timer_Init
 This function uses a non-reentrant model


 *************** function _pushButtonGetStatus *****************
 Defined at:
		line 23 in file "pushButton.c"
 Parameters:    Size  Location     Type
  en_butotn_id    1    wreg     enum E62
 Auto vars:     Size  Location     Type
  en_butotn_id    1   12[BANK0 ] enum E62
  pushreturn      1   13[BANK0 ] unsigned char 
 Return value:  Size  Location     Type
                  1    wreg      enum E67
 Registers used:
		wreg, fsr0l, fsr0h, status,2, status,0, btemp+1, pclath, cstack
 Tracked objects:
		On entry : 
		On exit  : 
		Unchanged: 
 Data sizes:     COMMON   BANK0   BANK1   BANK3   BANK2
      Params:         0       0       0       0       0
      Locals:         0       2       0       0       0
      Temps:          0       2       0       0       0
      Totals:         0       4       0       0       0
Total ram usage:        4 bytes
 Hardware stack levels used:    1
 Hardware stack levels required when called:    6
 This function calls:
		_DIO_Read
 This function is called by:
		_Task1
 This function uses a non-reentrant model


 *************** function _DIO_Read *****************
 Defined at:
		line 236 in file "DIO.c"
 Parameters:    Size  Location     Type
  GPIO            1    wreg     unsigned char 
  pins            1    4[BANK0 ] unsigned char 
  data            1    5[BANK0 ] PTR unsigned char 
		 -> pushButtonGetStatus@u8_Button_press(3), 
 Auto vars:     Size  Location     Type
  GPIO            1    9[BANK0 ] unsigned char 
  ret_error       1    8[BANK0 ] unsigned char 
 Return value:  Size  Location     Type
                  1    wreg      unsigned char 
 Registers used:
		wreg, fsr0l, fsr0h, status,2, status,0, btemp+1
 Tracked objects:
		On entry : 
		On exit  : 
		Unchanged: 
 Data sizes:     COMMON   BANK0   BANK1   BANK3   BANK2
      Params:         0       2       0       0       0
      Locals:         0       2       0       0       0
      Temps:          0       2       0       0       0
      Totals:         0       6       0       0       0
Total ram usage:        6 bytes
 Hardware stack levels used:    1
 Hardware stack levels required when called:    5
 This function calls:
		Nothing
 This function is called by:
		_pushButtonGetStatus
 This function uses a non-reentrant model


 *************** function _checkmyisr *****************
 Defined at:
		line 11 in file "interrupts.c"
 Parameters:    Size  Location     Type
		None
 Auto vars:     Size  Location     Type
		None
 Return value:  Size  Location     Type
                  1    wreg      void 
 Registers used:
		wreg, fsr0l, fsr0h, status,2, status,0, btemp+1, pclath, cstack
 Tracked objects:
		On entry : 
		On exit  : 
		Unchanged: 
 Data sizes:     COMMON   BANK0   BANK1   BANK3   BANK2
      Params:         0       0       0       0       0
      Locals:         0       0       0       0       0
      Temps:          0       4       0       0       0
      Totals:         0       4       0       0       0
Total ram usage:        4 bytes
 Hardware stack levels used:    1
 Hardware stack levels required when called:    4
 This function calls:
		Absolute function
		_adc_interrupt_routine
		_seven_seg_POV
		_timer0_interrupt_ovfRoutine
		_timer1_interrupt_ovfRoutine
		_timer_interrupt
 This function is called by:
		Interrupt level 1
 This function uses a non-reentrant model


 *************** function _timer1_interrupt_ovfRoutine *****************
 Defined at:
		line 116 in file "Timer.c"
 Parameters:    Size  Location     Type
		None
 Auto vars:     Size  Location     Type
		None
 Return value:  Size  Location     Type
                  1    wreg      void 
 Registers used:
		wreg, status,2, status,0, btemp+1
 Tracked objects:
		On entry : 
		On exit  : 
		Unchanged: 
 Data sizes:     COMMON   BANK0   BANK1   BANK3   BANK2
      Params:         0       0       0       0       0
      Locals:         0       0       0       0       0
      Temps:          0       0       0       0       0
      Totals:         0       0       0       0       0
Total ram usage:        0 bytes
 Hardware stack levels used:    1
 This function calls:
		Nothing
 This function is called by:
		_checkmyisr
 This function uses a non-reentrant model


 *************** function _timer0_interrupt_ovfRoutine *****************
 Defined at:
		line 108 in file "Timer.c"
 Parameters:    Size  Location     Type
		None
 Auto vars:     Size  Location     Type
		None
 Return value:  Size  Location     Type
                  1    wreg      void 
 Registers used:
		wreg, status,2, status,0, btemp+1
 Tracked objects:
		On entry : 
		On exit  : 
		Unchanged: 
 Data sizes:     COMMON   BANK0   BANK1   BANK3   BANK2
      Params:         0       0       0       0       0
      Locals:         0       0       0       0       0
      Temps:          0       0       0       0       0
      Totals:         0       0       0       0       0
Total ram usage:        0 bytes
 Hardware stack levels used:    1
 This function calls:
		Nothing
 This function is called by:
		_checkmyisr
 This function uses a non-reentrant model


 *************** function _seven_seg_POV *****************
 Defined at:
		line 26 in file "seven_segment.c"
 Parameters:    Size  Location     Type
		None
 Auto vars:     Size  Location     Type
		None
 Return value:  Size  Location     Type
                  1    wreg      void 
 Registers used:
		wreg, fsr0l, fsr0h, status,2, status,0, btemp+1, pclath, cstack
 Tracked objects:
		On entry : 
		On exit  : 
		Unchanged: 
 Data sizes:     COMMON   BANK0   BANK1   BANK3   BANK2
      Params:         0       0       0       0       0
      Locals:         0       0       0       0       0
      Temps:          0       0       0       0       0
      Totals:         0       0       0       0       0
Total ram usage:        0 bytes
 Hardware stack levels used:    1
 Hardware stack levels required when called:    3
 This function calls:
		_sevenSegEnable
 This function is called by:
		_checkmyisr
 This function uses a non-reentrant model


 *************** function _timer_interrupt *****************
 Defined at:
		line 220 in file "SOS.c"
 Parameters:    Size  Location     Type
		None
 Auto vars:     Size  Location     Type
		None
 Return value:  Size  Location     Type
                  1    wreg      void 
 Registers used:
		wreg, status,2, status,0, btemp+1
 Tracked objects:
		On entry : 
		On exit  : 
		Unchanged: 
 Data sizes:     COMMON   BANK0   BANK1   BANK3   BANK2
      Params:         0       0       0       0       0
      Locals:         0       0       0       0       0
      Temps:          0       0       0       0       0
      Totals:         0       0       0       0       0
Total ram usage:        0 bytes
 Hardware stack levels used:    1
 This function calls:
		Nothing
 This function is called by:
		_SOS_Init
		_checkmyisr
 This function uses a non-reentrant model


 *************** function _sevenSegEnable *****************
 Defined at:
		line 45 in file "seven_segment.c"
 Parameters:    Size  Location     Type
  segment_id      1    wreg     unsigned char 
 Auto vars:     Size  Location     Type
  segment_id      1   12[COMMON] unsigned char 
  ret             1   13[COMMON] unsigned char 
 Return value:  Size  Location     Type
                  1    wreg      unsigned char 
 Registers used:
		wreg, fsr0l, fsr0h, status,2, status,0, btemp+1, pclath, cstack
 Tracked objects:
		On entry : 
		On exit  : 
		Unchanged: 
 Data sizes:     COMMON   BANK0   BANK1   BANK3   BANK2
      Params:         0       0       0       0       0
      Locals:         2       0       0       0       0
      Temps:          2       0       0       0       0
      Totals:         4       0       0       0       0
Total ram usage:        4 bytes
 Hardware stack levels used:    1
 Hardware stack levels required when called:    2
 This function calls:
		i1_DIO_Write
		i1_sevenSegDisable
 This function is called by:
		_seven_seg_POV
 This function uses a non-reentrant model


 *************** function i1_sevenSegDisable *****************
 Defined at:
		line 67 in file "seven_segment.c"
 Parameters:    Size  Location     Type
  en_segment_i    1    wreg     enum E96
 Auto vars:     Size  Location     Type
  en_segment_i    1    8[COMMON] enum E96
  ret             1    9[COMMON] unsigned char 
 Return value:  Size  Location     Type
                  1    wreg      unsigned char 
 Registers used:
		wreg, fsr0l, fsr0h, status,2, status,0, btemp+1, pclath, cstack
 Tracked objects:
		On entry : 
		On exit  : 
		Unchanged: 
 Data sizes:     COMMON   BANK0   BANK1   BANK3   BANK2
      Params:         0       0       0       0       0
      Locals:         2       0       0       0       0
      Temps:          2       0       0       0       0
      Totals:         4       0       0       0       0
Total ram usage:        4 bytes
 Hardware stack levels used:    1
 Hardware stack levels required when called:    1
 This function calls:
		i1_DIO_Write
 This function is called by:
		_sevenSegEnable
 This function uses a non-reentrant model


 *************** function i1_DIO_Write *****************
 Defined at:
		line 132 in file "DIO.c"
 Parameters:    Size  Location     Type
  GPIO            1    wreg     unsigned char 
  pins            1    0[COMMON] unsigned char 
  value           1    1[COMMON] unsigned char 
 Auto vars:     Size  Location     Type
  GPIO            1    5[COMMON] unsigned char 
  ret_error       1    4[COMMON] unsigned char 
 Return value:  Size  Location     Type
                  1    wreg      unsigned char 
 Registers used:
		wreg, fsr0l, fsr0h, status,2, status,0, btemp+1
 Tracked objects:
		On entry : 
		On exit  : 
		Unchanged: 
 Data sizes:     COMMON   BANK0   BANK1   BANK3   BANK2
      Params:         2       0       0       0       0
      Locals:         2       0       0       0       0
      Temps:          2       0       0       0       0
      Totals:         6       0       0       0       0
Total ram usage:        6 bytes
 Hardware stack levels used:    1
 This function calls:
		Nothing
 This function is called by:
		_sevenSegEnable
		i1_sevenSegDisable
 This function uses a non-reentrant model


 *************** function _adc_interrupt_routine *****************
 Defined at:
		line 53 in file "ADC.c"
 Parameters:    Size  Location     Type
		None
 Auto vars:     Size  Location     Type
		None
 Return value:  Size  Location     Type
                  1    wreg      void 
 Registers used:
		wreg, fsr0l, fsr0h, status,2, status,0, btemp+1, pclath, cstack
 Tracked objects:
		On entry : 
		On exit  : 
		Unchanged: 
 Data sizes:     COMMON   BANK0   BANK1   BANK3   BANK2
      Params:         0       0       0       0       0
      Locals:         0       0       0       0       0
      Temps:          0       0       0       0       0
      Totals:         0       0       0       0       0
Total ram usage:        0 bytes
 Hardware stack levels used:    1
 Hardware stack levels required when called:    1
 This function calls:
		_clear_int_flag
 This function is called by:
		_ADC_INIT
		_checkmyisr
 This function uses a non-reentrant model


 *************** function _clear_int_flag *****************
 Defined at:
		line 142 in file "interrupts.c"
 Parameters:    Size  Location     Type
  u8_interrupt    1    wreg     unsigned char 
 Auto vars:     Size  Location     Type
  u8_interrupt    1    3[COMMON] unsigned char 
  ret_error       1    2[COMMON] unsigned char 
 Return value:  Size  Location     Type
                  1    wreg      unsigned char 
 Registers used:
		wreg, fsr0l, fsr0h, status,2, status,0, btemp+1
 Tracked objects:
		On entry : 
		On exit  : 
		Unchanged: 
 Data sizes:     COMMON   BANK0   BANK1   BANK3   BANK2
      Params:         0       0       0       0       0
      Locals:         2       0       0       0       0
      Temps:          2       0       0       0       0
      Totals:         4       0       0       0       0
Total ram usage:        4 bytes
 Hardware stack levels used:    1
 This function calls:
		Nothing
 This function is called by:
		_adc_interrupt_routine
 This function uses a non-reentrant model



MODULE INFORMATION

Module		Function		Class		Link	Load	Size
Timer.c
		_Timer_Start   		CODE           	0B68	0000	54
		_timer1_interrupt_ovfRoutine		CODE           	09D7	0000	19
		_Timer_Init    		CODE           	0078	0000	299
		_timer0_interrupt_ovfRoutine		CODE           	09B7	0000	16

Timer.c estimated size: 388

C:\Program Files\Microchip\xc8\v2.20\pic\sources\c90\common\__lldiv.c
		___lldiv       		CODE           	0F98	0000	105

C:\Program Files\Microchip\xc8\v2.20\pic\sources\c90\common\__lldiv.c estimated size: 105

interrupts.c
		_global_int_enable		CODE           	095B	0000	12
		_special_int_disable		CODE           	0CFD	0000	65
		_checkmyisr    		CODE           	0DC7	0000	88
		_special_int_enable		CODE           	066B	0000	122
		_clear_int_flag		CODE           	0C84	0000	61

interrupts.c estimated size: 348

i2c_EEPROM.c
		_EEPROM_Read   		CODE           	07B7	0000	74
		_I2C_Master_Wait		CODE           	0972	0000	14
		_EEPROM_Write  		CODE           	0B00	0000	53
		_I2C_Master_Init		CODE           	0CC0	0000	62
		_I2C_Master_Stop		CODE           	099B	0000	15
		_I2C_Master_RepeatedStart		CODE           	097F	0000	15
		_I2C_Read_Byte 		CODE           	0A13	0000	24
		_I2C_Master_Write		CODE           	09FC	0000	24
		_I2C_NACK      		CODE           	0966	0000	13
		_I2C_Master_Start		CODE           	098D	0000	15

i2c_EEPROM.c estimated size: 309

software_delay.c
		_SwDelay_ms    		CODE           	0D3D	0000	65
		_SwDelay_us    		CODE           	0A41	0000	41

software_delay.c estimated size: 106

DIO.c
		_DIO_init      		CODE           	01A2	0000	279
		_DIO_Write     		CODE           	0376	0000	179
		_DIO_Read      		CODE           	0E79	0000	94

DIO.c estimated size: 552

tasks.c
		_Task1         		CODE           	0C49	0000	60
		_Task2         		CODE           	0F34	0000	101
		_Task3         		CODE           	0003	0000	2

tasks.c estimated size: 163

C:\Program Files\Microchip\xc8\v2.20\pic\sources\c90\common\awmod.c
		___awmod       		CODE           	0E1E	0000	92

C:\Program Files\Microchip\xc8\v2.20\pic\sources\c90\common\awmod.c estimated size: 92

shared
		i1_DIO_Write   		CODE           	0428	0000	179
		__stringtab    		STRING         	0800	0000	7
		__i1fptable    		ENTRY          	0063	0000	22
		_TMU_Configuration		STRING         	0806	0000	3
		i1_sevenSegDisable		CODE           	0A9A	0000	52
		__initialization		CODE           	0015	0000	54
		__fptable      		ENTRY          	004E	0000	22

shared estimated size: 339

ADC.c
		_adc_interrupt_routine		CODE           	09C6	0000	18
		_ADC_READ      		CODE           	0C0E	0000	60
		_ADC_INIT      		CODE           	0564	0000	137

ADC.c estimated size: 215

pushButton.c
		_pushButtonGetStatus		CODE           	05EC	0000	128

pushButton.c estimated size: 128

C:\Program Files\Microchip\xc8\v2.20\pic\sources\c90\common\Umul8.c
		___bmul        		CODE           	0A2A	0000	24

C:\Program Files\Microchip\xc8\v2.20\pic\sources\c90\common\Umul8.c estimated size: 24

main.c
		_system_init   		CODE           	0B9D	0000	57
		_main          		CODE           	09A9	0000	15

main.c estimated size: 72

SOS.c
		_SOS_Init      		CODE           	04DA	0000	139
		_timer_interrupt		CODE           	0950	0000	12
		_SOS_Create_Task		CODE           	06E4	0000	107
		_SOS_Run       		CODE           	02B8	0000	191

SOS.c estimated size: 449

C:\Program Files\Microchip\xc8\v2.20\pic\sources\c90\common\awdiv.c
		___awdiv       		CODE           	074E	0000	106

C:\Program Files\Microchip\xc8\v2.20\pic\sources\c90\common\awdiv.c estimated size: 106

seven_segment.c
		_seven_seg_POV 		CODE           	0A69	0000	50
		_sevenSegInit  		CODE           	0B34	0000	53
		_sevenSegWrite 		CODE           	0ED6	0000	95
		_sevenSegEnable		CODE           	0D7D	0000	75
		_sevenSegDisable		CODE           	0BD5	0000	58

seven_segment.c estimated size: 331

